
> bank-bill-excel-tool@3.2.9 test:integration
> node scripts/integration-runner.js

==== integration runner: 61 个脚本 ====

[integration] ▶ acquiring-bill-currency-idle-cleanup ... PASS 38/38 (1292ms)

[integration] ▶ acquiring-bill-currency-n4-migration ... PASS 128/128 (1063ms)

[integration] ▶ acquiring-engine-migration ... PASS 45/45 (5650ms)

[integration] ▶ acquiring-index-slim-v2 ... PASS 22/22 (207ms)

[integration] ▶ acquiring-side-db-parity ... PASS 19/19 (633ms)

[integration] ▶ archive-biz-op-auto-report-retention ... PASS 6/6 (12558ms)

[integration] ▶ archive-center-module-retention ... PASS 11/11 (2885ms)

[integration] ▶ archive-center-permanent-delete ... PASS 52/52 (46146ms)

[integration] ▶ background-execution-pure-compute-canary ... PASS 9/9 (110ms)

[integration] ▶ background-execution-recovery-canary ... PASS 9/9 (127ms)

[integration] ▶ background-execution-recovery-control ... PASS 27/27 (130ms)

[integration] ▶ bank-bu-background-dual-parser ... PASS 9/9 (302ms)

[integration] ▶ bank-bu-background-single-jobs ... PASS 21/21 (857ms)

[integration] ▶ bank-bu-recon-side-db-parity ... PASS 17/17 (473ms)

[integration] ▶ bank-statement-hit-scenario-report ... PASS 49/49 (250ms)

[integration] ▶ bank-statement-many-to-many-review-sheet ... PASS 33/33 (232ms)

[integration] ▶ bank-statement-universal-import-routing ... PASS 20/20 (583ms)

[integration] ▶ big-table-import-engine ... PASS 19/19 (7561ms)

[integration] ▶ biz-op-auto-error-report ... PASS 12/12 (18243ms)

[integration] ▶ biz-op-recon-side-db-parity ... PASS 16/16 (774ms)

[integration] ▶ bizop-flow-engine-migration ... PASS 73/73 (5752ms)

[integration] ▶ dark-mode-schedule-settings ... PASS 6/6 (221ms)

[integration] ▶ duplicate-inbound-match-end-to-end ... PASS 31/31 (574ms)

[integration] ▶ fund-transfer-recon-account-mapping ... PASS 19/19 (245ms)

[integration] ▶ gateway-channel-filter-equivalence ... PASS 23/23 (248ms)

[integration] ▶ linked-fx-open7-stale-hit-e2e ... PASS 27/27 (376ms)

[integration] ▶ linked-table-delete-by-range-tablekey ... PASS 73/73 (193ms)

[integration] ▶ new-account-balance-statement ... PASS 36/36 (256ms)

[integration] ▶ pending-data-reconciliation ... PASS 33/33 (55ms)

[integration] ▶ pending-engine-migration ... PASS 57/57 (6219ms)

[integration] ▶ pending-removal-reconcile ... PASS 62/62 (235ms)

[integration] ▶ position-reconciliation-side-db-parity ... PASS 38/38 (355ms)

[integration] ▶ pre-fund-reconciliation-output-contract ... PASS 15/15 (292ms)

[integration] ▶ pre-fund-reconciliation-side-db-parity ... PASS 69/69 (455ms)

[integration] ▶ refund-backfill-yellow-fill-e2e ... PASS 258/258 (211ms)

[integration] ▶ renderer-lifecycle ... PASS 131/131 (13286ms)

[integration] ▶ statement-generation-pipeline ... PASS 45/45 (248ms)

[integration] ▶ toolbox-large-file-stream ... PASS 50/50 (142242ms)

[integration] ▶ toolbox-large-split-multi-sheet ... PASS 31/31 (262124ms)

[integration] ▶ toolbox-multi-sheet-merge ... PASS 16/16 (15061ms)

[integration] ▶ toolbox-multi-split-roundtrip ... PASS 17/17 (500ms)

[integration] ▶ toolbox-roundtrip ... PASS 30/30 (185ms)

[integration] ▶ toolbox-row-split-admission ... PASS 2/2 (781ms)

[integration] ▶ toolbox-row-split-archive-delete ... PASS 2/2 (936ms)

[integration] ▶ v2.1.10-a3-phase1 ... PASS 40/40 (2773ms)

[integration] ▶ v2.1.10-a3-phase2 ... PASS 56/56 (2056ms)

[integration] ▶ v2.1.10-a4-phase3 ... PASS 75/75 (14425ms)

[integration] ▶ v2.1.10-n4-cont-1-phase4 ... PASS 33/33 (731ms)

[integration] ▶ v2.1.10-n4-cont-2-phase5 ... PASS 43/43 (496ms)

[integration] ▶ v2.1.12-beta-multiworker-nested ... PASS (no count) (2817ms)

[integration] ▶ v2.1.9-n5-end-to-end ... PASS 68/68 (225ms)

[integration] ▶ v2.1.9-n5-migration ... PASS 67/67 (200ms)

[integration] ▶ v2.1.9-sr-fix-1-coverage ... PASS 148/148 (258ms)

[integration] ▶ v2.1.9-sr-log-1 ... PASS 33/33 (143ms)

[integration] ▶ v3.0.0-linked-streaming-import ... PASS 19/19 (226ms)

[integration] ▶ v3.0.1-linked-gateway-upsert ... PASS 40/40 (219ms)

[integration] ▶ v3.0.4-boc-dispatch-order-fix ... PASS 31/31 (249ms)

[integration] ▶ vcc-financial-op-adjustment-archive-chain ... PASS 226/226 (1300ms)

[integration] ▶ vcc-financial-op-destructive-state-chain ... PASS 77/77 (1442ms)

[integration] ▶ vcc-financial-op-effective-result ... PASS 19/19 (132ms)

[integration] ▶ vcc-financial-op-historical-template-export ... PASS 29/29 (1064ms)

==== 汇总（579882ms 总耗时）====
  ✓ acquiring-bill-currency-idle-cleanup 38/38 (1292ms)
  ✓ acquiring-bill-currency-n4-migration 128/128 (1063ms)
  ✓ acquiring-engine-migration 45/45 (5650ms)
  ✓ acquiring-index-slim-v2 22/22 (207ms)
  ✓ acquiring-side-db-parity 19/19 (633ms)
  ✓ archive-biz-op-auto-report-retention 6/6 (12558ms)
  ✓ archive-center-module-retention 11/11 (2885ms)
  ✓ archive-center-permanent-delete 52/52 (46146ms)
  ✓ background-execution-pure-compute-canary 9/9 (110ms)
  ✓ background-execution-recovery-canary 9/9 (127ms)
  ✓ background-execution-recovery-control 27/27 (130ms)
  ✓ bank-bu-background-dual-parser 9/9 (302ms)
  ✓ bank-bu-background-single-jobs 21/21 (857ms)
  ✓ bank-bu-recon-side-db-parity 17/17 (473ms)
  ✓ bank-statement-hit-scenario-report 49/49 (250ms)
  ✓ bank-statement-many-to-many-review-sheet 33/33 (232ms)
  ✓ bank-statement-universal-import-routing 20/20 (583ms)
  ✓ big-table-import-engine 19/19 (7561ms)
  ✓ biz-op-auto-error-report 12/12 (18243ms)
  ✓ biz-op-recon-side-db-parity 16/16 (774ms)
  ✓ bizop-flow-engine-migration 73/73 (5752ms)
  ✓ dark-mode-schedule-settings 6/6 (221ms)
  ✓ duplicate-inbound-match-end-to-end 31/31 (574ms)
  ✓ fund-transfer-recon-account-mapping 19/19 (245ms)
  ✓ gateway-channel-filter-equivalence 23/23 (248ms)
  ✓ linked-fx-open7-stale-hit-e2e 27/27 (376ms)
  ✓ linked-table-delete-by-range-tablekey 73/73 (193ms)
  ✓ new-account-balance-statement 36/36 (256ms)
  ✓ pending-data-reconciliation 33/33 (55ms)
  ✓ pending-engine-migration 57/57 (6219ms)
  ✓ pending-removal-reconcile 62/62 (235ms)
  ✓ position-reconciliation-side-db-parity 38/38 (355ms)
  ✓ pre-fund-reconciliation-output-contract 15/15 (292ms)
  ✓ pre-fund-reconciliation-side-db-parity 69/69 (455ms)
  ✓ refund-backfill-yellow-fill-e2e 258/258 (211ms)
  ✓ renderer-lifecycle 131/131 (13286ms)
  ✓ statement-generation-pipeline 45/45 (248ms)
  ✓ toolbox-large-file-stream 50/50 (142242ms)
  ✓ toolbox-large-split-multi-sheet 31/31 (262124ms)
  ✓ toolbox-multi-sheet-merge 16/16 (15061ms)
  ✓ toolbox-multi-split-roundtrip 17/17 (500ms)
  ✓ toolbox-roundtrip 30/30 (185ms)
  ✓ toolbox-row-split-admission 2/2 (781ms)
  ✓ toolbox-row-split-archive-delete 2/2 (936ms)
  ✓ v2.1.10-a3-phase1 40/40 (2773ms)
  ✓ v2.1.10-a3-phase2 56/56 (2056ms)
  ✓ v2.1.10-a4-phase3 75/75 (14425ms)
  ✓ v2.1.10-n4-cont-1-phase4 33/33 (731ms)
  ✓ v2.1.10-n4-cont-2-phase5 43/43 (496ms)
  ✓ v2.1.12-beta-multiworker-nested (no count) (2817ms)
  ✓ v2.1.9-n5-end-to-end 68/68 (225ms)
  ✓ v2.1.9-n5-migration 67/67 (200ms)
  ✓ v2.1.9-sr-fix-1-coverage 148/148 (258ms)
  ✓ v2.1.9-sr-log-1 33/33 (143ms)
  ✓ v3.0.0-linked-streaming-import 19/19 (226ms)
  ✓ v3.0.1-linked-gateway-upsert 40/40 (219ms)
  ✓ v3.0.4-boc-dispatch-order-fix 31/31 (249ms)
  ✓ vcc-financial-op-adjustment-archive-chain 226/226 (1300ms)
  ✓ vcc-financial-op-destructive-state-chain 77/77 (1442ms)
  ✓ vcc-financial-op-effective-result 19/19 (132ms)
  ✓ vcc-financial-op-historical-template-export 29/29 (1064ms)

[SR-policy-1] rules/integration-test-policy.md §七 已自动同步

=== 当前清单 ===
## 七、当前集成测试清单（自动同步）

<!-- auto-generated by scripts/integration-runner.js, last-updated: 2026-09-20T21:28:48+08:00 -->
<!-- DO NOT EDIT MANUALLY — modify scripts/integration/*.js then re-run `npm run test:integration` -->

| 脚本 | 用例数 | 断言数 | 耗时 (ms) |
|---|---|---|---|
| `acquiring-bill-currency-idle-cleanup.js` | 38 | 38 | 1292 |
| `acquiring-bill-currency-n4-migration.js` | 128 | 128 | 1063 |
| `acquiring-engine-migration.js` | 45 | 45 | 5650 |
| `acquiring-index-slim-v2.js` | 22 | 22 | 207 |
| `acquiring-side-db-parity.js` | 19 | 19 | 633 |
| `archive-biz-op-auto-report-retention.js` | 6 | 6 | 12558 |
| `archive-center-module-retention.js` | 11 | 11 | 2885 |
| `archive-center-permanent-delete.js` | 52 | 52 | 46146 |
| `background-execution-pure-compute-canary.js` | 9 | 9 | 110 |
| `background-execution-recovery-canary.js` | 9 | 9 | 127 |
| `background-execution-recovery-control.js` | 27 | 27 | 130 |
| `bank-bu-background-dual-parser.js` | 9 | 9 | 302 |
| `bank-bu-background-single-jobs.js` | 21 | 21 | 857 |
| `bank-bu-recon-side-db-parity.js` | 17 | 17 | 473 |
| `bank-statement-hit-scenario-report.js` | 49 | 49 | 250 |
| `bank-statement-many-to-many-review-sheet.js` | 33 | 33 | 232 |
| `bank-statement-universal-import-routing.js` | 20 | 20 | 583 |
| `big-table-import-engine.js` | 19 | 19 | 7561 |
| `biz-op-auto-error-report.js` | 12 | 12 | 18243 |
| `biz-op-recon-side-db-parity.js` | 16 | 16 | 774 |
| `bizop-flow-engine-migration.js` | 73 | 73 | 5752 |
| `dark-mode-schedule-settings.js` | 6 | 6 | 221 |
| `duplicate-inbound-match-end-to-end.js` | 31 | 31 | 574 |
| `fund-transfer-recon-account-mapping.js` | 19 | 19 | 245 |
| `gateway-channel-filter-equivalence.js` | 23 | 23 | 248 |
| `linked-fx-open7-stale-hit-e2e.js` | 27 | 27 | 376 |
| `linked-table-delete-by-range-tablekey.js` | 73 | 73 | 193 |
| `new-account-balance-statement.js` | 36 | 36 | 256 |
| `pending-data-reconciliation.js` | 33 | 33 | 55 |
| `pending-engine-migration.js` | 57 | 57 | 6219 |
| `pending-removal-reconcile.js` | 62 | 62 | 235 |
| `position-reconciliation-side-db-parity.js` | 38 | 38 | 355 |
| `pre-fund-reconciliation-output-contract.js` | 15 | 15 | 292 |
| `pre-fund-reconciliation-side-db-parity.js` | 69 | 69 | 455 |
| `refund-backfill-yellow-fill-e2e.js` | 258 | 258 | 211 |
| `renderer-lifecycle.js` | 131 | 131 | 13286 |
| `statement-generation-pipeline.js` | 45 | 45 | 248 |
| `toolbox-large-file-stream.js` | 50 | 50 | 142242 |
| `toolbox-large-split-multi-sheet.js` | 31 | 31 | 262124 |
| `toolbox-multi-sheet-merge.js` | 16 | 16 | 15061 |
| `toolbox-multi-split-roundtrip.js` | 17 | 17 | 500 |
| `toolbox-roundtrip.js` | 30 | 30 | 185 |
| `toolbox-row-split-admission.js` | 2 | 2 | 781 |
| `toolbox-row-split-archive-delete.js` | 2 | 2 | 936 |
| `v2.1.10-a3-phase1.js` | 40 | 40 | 2773 |
| `v2.1.10-a3-phase2.js` | 56 | 56 | 2056 |
| `v2.1.10-a4-phase3.js` | 75 | 75 | 14425 |
| `v2.1.10-n4-cont-1-phase4.js` | 33 | 33 | 731 |
| `v2.1.10-n4-cont-2-phase5.js` | 43 | 43 | 496 |
| `v2.1.12-beta-multiworker-nested.js` | - | - | 2817 |
| `v2.1.9-n5-end-to-end.js` | 68 | 68 | 225 |
| `v2.1.9-n5-migration.js` | 67 | 67 | 200 |
| `v2.1.9-sr-fix-1-coverage.js` | 148 | 148 | 258 |
| `v2.1.9-sr-log-1.js` | 33 | 33 | 143 |
| `v3.0.0-linked-streaming-import.js` | 19 | 19 | 226 |
| `v3.0.1-linked-gateway-upsert.js` | 40 | 40 | 219 |
| `v3.0.4-boc-dispatch-order-fix.js` | 31 | 31 | 249 |
| `vcc-financial-op-adjustment-archive-chain.js` | 226 | 226 | 1300 |
| `vcc-financial-op-destructive-state-chain.js` | 77 | 77 | 1442 |
| `vcc-financial-op-effective-result.js` | 19 | 19 | 132 |
| `vcc-financial-op-historical-template-export.js` | 29 | 29 | 1064 |
| **合计** | **2710** | **2710** | **579882** |

> 同步策略：runner 末尾全 PASS 时 in-place 替换本章节；任一脚本 FAIL → 本章节不更新（避免被损坏数据覆盖）。


全部 61 个集成脚本通过 ✓
