✔ 真实 native worker 正常完成，关闭观察不可变且重复查询不制造新事实 (44.509166ms)
✔ 业务失败且 terminate reject 后，晚到真实 exit 保留原错误并只释放原租约一次 (42.31775ms)
✔ 业务失败且 terminate pending 后，晚到真实 exit 保留原错误并只释放原租约一次 (78.726292ms)
✔ 取消 ACK 不证明线程已退出，terminate 失败后仍保留容量 (317.818417ms)
✔ 派发前持久化未完成时取消，确认 hook 收敛前不能声称 NOT_CREATED (7.269083ms)
✔ 派发绑定失败确认未创建；adapter 创建抛错只能报告 UNKNOWN (1.714167ms)
✔ 真实 exit 之后 close 失败仍不宣告完成，重试 close 才释放容量 (26.24175ms)
✔ 资源 release 失败独立于 EXITED，既有 shutdown 保留并重试原租约 (32.073083ms)
✔ 晚到旧载体退出不影响同 operation 的新任务，worker 身份不能重用 (40.147167ms)
✔ terminate 仍在执行时，shutdown 重试复用原调用，不能并发终止同一载体 (119.069209ms)
✔ close 超时的原调用仍被拥有，稍后完成后自动收敛且不重复 close (93.243833ms)
✔ RuntimeManager 在原载体未决时拒绝换 runtime，真实退出后才能重试并换代 (36.945917ms)
✔ 显式启用拒绝缺失任务身份、未支持载体和缺少生产持久化接入 (1.38375ms)
✔ 公共 API exact：execute 返回 Promise，transport ready 后直接 job:start (8.55975ms)
✔ coordinator transport failure按exact control权威终态且不扩展control/runtime API (1.525334ms)
✔ deferred unit在transport ready和job:start后才派发，旧eager路径不变 (8.692667ms)
✔ worker-durable逐unit严格执行 persisted prepare/ack、receipt/mark-committed、done gate (6.104875ms)
✔ worker-durable pre-critical transport loss只收口普通file error，不得升级为interrupted (1.849833ms)
✔ worker-durable ACK后transport loss且inspect not-committed仍是普通file error (2.023333ms)
✔ worker-durable prepare/ack持久化失败不发ACK且unit保持普通error (1.730459ms)
✔ worker-durable ACK后unit error必须inspect；committed-lost阻断普通job完成并收口unit promise (2.580875ms)
✔ worker-durable非末unit committed/unknown立即终结parent并有界释放transport (4.36775ms)
✔ worker-durable错误receipt后的合法unit/job done不能覆盖canonical committed inspection (2.602ms)
✔ worker-durable precritical ordinary unit:error仍按policy继续后续file (2.535334ms)
✔ worker-durable job:error inspect unknown时started unit不得降级为cancelled (1.869458ms)
✔ worker-durable inspector异常不悬挂，open Intent语义映射interrupted且started unit确定收口 (1.641833ms)
✔ 第一个合法 terminal 赢得 settle gate，late terminal 仅诊断不二次 settle (9.61175ms)
✔ Supervisor diagnostics 在回调边界统一应用 finance-safe-v1 脱敏 (14.06475ms)
✔ adapter.ready 未完成触发 init-timeout，send 抛错触发 adapter-error 且不悬空 (7.457041ms)
✔ job:start send 调用栈内同步 progress/job:error 属于 start 因果链 (1.562375ms)
✔ adapter.start 调用栈内真正 prestart event 仍 fail closed 且返回 handle 后清理 (6.751333ms)
✔ 非法 JSON input 在任何 adapter.start 前由 execute request gate 拒绝 (0.450125ms)
✔ execute 在读取 actionKey getter 前先 fail closed，不触发 getter side effect (0.331584ms)
✔ cancel(jobId) 走独立 command seq，私有终态证据而非 ACK 决定 cancelled (2.235667ms)
✔ cancel command/ack 状态机拒绝 unsolicited/duplicate，command-only terminal 不冒充 cancelled (11.76075ms)
✔ Existing 同 tick reject 先于 cancel 时保持 failed；同步 void cancel 引发的 reject 保持 cancelled (5.323292ms)
✔ public cancel 拒绝 shutdown-only；shutdown 使用独立内部取消路径 (5.457542ms)
✔ unexpected exit、execution timeout、cancel timeout 各自使用唯一权威 terminalSource (14.159833ms)
✔ incoming route/seq violation 均 fail closed 为 protocol-error (1.6415ms)
✔ progress rate limit 按 job/direction 使用 1000ms sliding window，边界稳定释放 (1.699625ms)
✔ unknown unit 与未终结 registered unit 的 job:done gate 均拒绝 (1.83925ms)
✔ policy 允许的 unit:error 可通过 job:done gate (0.938875ms)
✔ unit terminal immutable，重复 terminal/progress 不可改写已终结 unit (0.888583ms)
✔ unit:done 与 job:done result 都同步执行严格 validator (2.559125ms)
✔ result maxBytes 与 result validator 都在 settle 前 fail closed (1.311917ms)
✔ validator function/validate 严格返回；assertValid 不抛即成功且两类 thenable 均拒绝 (4.536ms)
✔ first terminal 后 execute 仅在 bounded terminate/close settle pipeline 完整收口后 resolve (2.501ms)
✔ execute 全 request own-data/类型 gate 与 canonical snapshot 在 adapter.start 前生效 (3.598834ms)
✔ terminal result/error 取 owned deep-frozen snapshot，producer 后改不影响 truth (3.917ms)
✔ shutdown 有界：non-cancellable + 不退出 transport 进入 protected/leaked/errors 权威报告字段 (12.660333ms)
✔ shutdown 也追踪已 settle 但 terminate 悬挂的 transport (13.872625ms)
✔ terminate/close 独立失败使job非成功，shutdown保留并重试cleanup ownership (7.038ms)
✔ close首次失败使job非成功，shutdown重试成功后不再报告transport leak (1.899583ms)
✔ resource lease release失败使job非成功并保留到shutdown重试 (0.862ms)
✔ transport cleanup 成功后 jobId/worker route 仍是永久 one-shot tombstone (0.806208ms)
✔ shutdown 不把已在 cooperative cancelling 的 job 误报为 protected (10.435666ms)
✔ stopAcceptingNewJobs fail closed，closeService 委托并对未托管 service 返回 false (0.684833ms)
✔ default Supervisor shutdown wire-drains a persistent service before cooperative close (7.616209ms)
✔ Supervisor normal terminal waits for adopted phase detach handshake before default shutdown (12.45175ms)
✔ Supervisor successful interaction result retains token until null-ref expiry then shuts down leak-free (7.496292ms)
✔ Supervisor job:error and cooperative-cancel terminals both revoke interaction tokens before settle (16.873167ms)
✔ Supervisor 在 adapter.start 前完成 Base/Phase admission，terminal 后 exactly-once 释放 (1.720625ms)
✔ E02-A factory without Governor preserves simple job execution and shuts down cleanly (0.733625ms)
✔ without Governor service and compound paths fail closed before adapter start (0.467667ms)
✔ queued admission cancel aborts request, never calls adapter.start, and releases partial admission (3.538666ms)
✔ real Governor grant diagnostics cancellation releases a late phase grant before transport assignment (6.125541ms)
✔ shutdown cancels queued admission even when runtime cancellation is not supported (3.9975ms)
✔ shutdown normalizes all finite non-negative E02-A timeout values before lifecycle mutation (1.15025ms)
✔ existing nested topology is inspected and frozen before compound admission with no wrapper Worker (3.213334ms)
✔ service job 使用 Host generation 路由，正常 terminal 仅 detach 并释放 job admission (0.626209ms)
✔ service Host exit callback remains an unexpected-exit terminal in Supervisor (0.40925ms)
✔ service Base startup pending 时取消会关闭 starting generation，且不会悬挂或发送 job:start (1.056709ms)
✔ Host semantic protocol errors retain canonical protocol-error terminal classification (1.1895ms)
✔ real Host control exchange reuse maps to protocol-error without reservation leaks (2.064792ms)
✔ real Host rejects wire release while a persistent replacement is still queued (2.870208ms)
✔ cancelled compound admission on an existing service detaches only the current job (3.665916ms)
✔ cancellation while an existing service attach is pending does not close that generation (0.817458ms)
✔ Inspector unavailable anchor 后真实进程退出，原 Task/批次/receipt 重启收敛 (721.9885ms)
✔ Inspector unavailable hold 后真实进程退出，原 Task/批次/receipt 重启收敛 (647.254166ms)
✔ 真实候选校验失败后的 unavailable Hold 可重试收尾，原失败和版本不变 (303.763917ms)
✔ 已有 unavailable Hold 和 interrupted Task 重试检查失败不重写终态，恢复可继续 (657.571083ms)
✔ 成功 receipt 与 failed Task 的冲突保留来源，旧 COMPLETE 缓存和重复恢复不能隐藏 (241.580375ms)
✔ 成功 receipt 与 cancelled Task 的冲突保留来源，旧 COMPLETE 缓存和重复恢复不能隐藏 (338.995875ms)
✔ 目录屏障不可用时首次及同名文件重试均拒绝，不建立业务提交收据 (62.453959ms)
✔ 主库增量建表默认禁用，真实 Task/Archive/worker 候选原件受保护并提交一个版本 (224.805792ms)
✔ Task 成功但批次失败的旧 COMPLETE 状态不能开放入口或改写原提交 (223.207833ms)
✔ 未提交链只经 Main 后处理和真实控制转换，原 Task 失败且终止收据幂等 (98.443958ms)
✔ 来源数量超限在首次平台扫描前退出，所有 Task 与记录继续保留 (64.362833ms)
✔ 32 个真实 Task 来源使用两次全量扫描及 3N 次 Inspector (1848.979625ms)
ℹ {"ready":true,"sourceCount":0,"activeHoldCount":0,"fullScans":2,"enumerations":2,"evaluations":160,"inspector":96,"provider":0,"main":32,"normalized":32,"stopReason":null,"elapsedMs":0,"completedSources":32,"blockedScopeCount":0,"reason":null,"archiveOwnerBackfill":{"processed":0,"completed":0,"deferred":0,"pageSize":64,"errorCode":null},"wallElapsedMs":1316,"observationAttempts":96,"legacySourceCount":0,"rssStart":358203392,"rssEnd":376471552,"rssPeak":376471552}
✔ 128 个真实 Task 来源使用两次全量扫描及 3N 次 Inspector (6145.610375ms)
ℹ {"ready":true,"sourceCount":0,"activeHoldCount":0,"fullScans":2,"enumerations":2,"evaluations":640,"inspector":384,"provider":0,"main":128,"normalized":128,"stopReason":null,"elapsedMs":0,"completedSources":128,"blockedScopeCount":0,"reason":null,"archiveOwnerBackfill":{"processed":0,"completed":0,"deferred":0,"pageSize":64,"errorCode":null},"wallElapsedMs":3625,"observationAttempts":384,"legacySourceCount":0,"rssStart":387612672,"rssEnd":468631552,"rssPeak":468828160}
✔ 1024 个真实 Task 来源使用两次全量扫描及 3N 次 Inspector (51156.866ms)
ℹ {"ready":true,"sourceCount":0,"activeHoldCount":0,"fullScans":2,"enumerations":2,"evaluations":5120,"inspector":3072,"provider":0,"main":1024,"normalized":1024,"stopReason":null,"elapsedMs":0,"completedSources":1024,"blockedScopeCount":0,"reason":null,"archiveOwnerBackfill":{"processed":0,"completed":0,"deferred":0,"pageSize":64,"errorCode":null},"wallElapsedMs":31885,"observationAttempts":3072,"legacySourceCount":0,"rssStart":539328512,"rssEnd":582680576,"rssPeak":583090176}
✔ READY 完成钩子失败时真实文件归档不会留下无保护的 READY (110.180958ms)
✔ 未提交封存目录经真实维护 Task 回收，诊断目录独立保留 (135.01ms)
✔ 真实终止失败时阻断后处理；晚到退出后原 Task/同 scope 来源收敛 (160.516125ms)
✔ 累计费用在拒绝后不会重置，截止时间只禁止启动下一步 (0.188958ms)
✔ 真实 Main 进程在提交后退出，重启恢复原 Task、原 receipt 和原版本 (578.367625ms)
✔ 保留历史结果删除输入：只释放 INPUT，RESULT 原件引用和结果 payload 独立保留 (651.575917ms)
✔ 关联删除必须完整预览；嵌套 SAVEPOINT 故障不留下新收据、任务、回收或少掉的 holds (740.597334ms)
✔ 指纹复用不分配新公开版本，弃用候选由业务 receipt 授权回收 (395.222791ms)
✔ 失败报告的两个真实 reader 独立持 pin，producer 失败与 reader 已退出都不能越过发布义务 (258.86175ms)
✔ 启动预检与 Archive owner 延续同一累计预算，全量扫描总计两次 (91.062125ms)
✔ 跨过准入期限的在途平台调用仍持有 gate，不提前返回或启动另一 attempt (59.807583ms)
✔ 异步共享读取在真实等待期间阻止写入，义务未完成后关闭入口并保留恢复路径 (68.300541ms)
✔ 未接入升级权威时 UPGRADE 保持未决，不按普通无 receipt 操作自动失败 (61.167958ms)
✔ 回收中途到期保留授权和原维护 Task，下次 attempt 容忍已删除文件并完成 (109.701958ms)
✔ 显式禁用时所有业务 IPC 包含运行日历均被阻断，恢复重试接通同一 Main driver (88.7585ms)
✔ 真实 Archive controller 启动先调用模块恢复，通用 sweep 不改写未决无文件 Task (89.458458ms)
✔ 新模块绑定不能替另一个模块满足关闭观察的 Main 持久绑定 (76.343625ms)
✔ 收据优先仍核验 action 和 intent，不能把导入 Task 作为删除或运行重试 (247.025083ms)
✔ 4096 个真实目录任务完整枚举，4097 项在交付平台前拒绝且不返回截断数组 (1856.915417ms)
ℹ {"sourceCount":4096,"sourceBytes":2138879,"rssBytes":667680768,"evaluations":8193}
✔ 单来源与全量 decision 字节预算分别拒绝，后处理和文件清理均不执行 (131.955458ms)
✔ 最终完整扫描才出现的新任务继续阻断，不能递归发起第三次扫描 (54.977834ms)
✔ Archive 固定基线逐 channel 保留全部 268 项、模块身份、file/no-file/exclude 和 hook 注册 (10.292042ms)
✔ 私有 authority、独立 manifest 与固定 67-action/74-pair/134-task 清单双向闭合 (2.418542ms)
✔ 保持数量但篡改 TaskPolicy 身份仍被独立 authority 拒绝 (2.418625ms)
✔ 行为样例覆盖每个可恢复 channel 的分类/metadata/lineage，及全部已登记可选 hook (2.690834ms)
✔ Archive 固定行为：recoverable / resultClassifier (16.519583ms)
✔ Archive 固定行为：standardClassifier / resultClassifier (5.149791ms)
✔ Archive 固定行为：statementClassifier / resultClassifier (0.390333ms)
✔ Archive 固定行为：positionClassifier / resultClassifier (0.755167ms)
✔ Archive 固定行为：vccClassifier / resultClassifier (0.486542ms)
✔ Archive 固定行为：vccOpSaveClassifier / resultClassifier (0.131042ms)
✔ Archive 固定行为：standardMetadata / resultMetadataResolver (11.912334ms)
✔ Archive 固定行为：vccMetadata / resultMetadataResolver (0.312792ms)
✔ Archive 固定行为：genericLineage / resultFlowIdentities (2.092875ms)
✔ Archive 固定行为：vccRunLineage / resultFlowIdentities (0.215875ms)
✔ Archive 固定行为：vccFinancialOp:import:apply / resultFlowIdentities (0.068084ms)
✔ Archive 固定行为：continuationIdentity / flowIdentityResolver (0.322917ms)
✔ Archive 固定行为：vccRunIdentity / flowIdentityResolver (0.186792ms)
✔ Archive 固定行为：vccFinancialOp:export:import-audit / flowIdentityResolver (0.0435ms)
✔ Archive 固定行为：vccFinancialOp:data-manager:delete / flowPlanResolver (0.060959ms)
✔ Archive 固定行为：bankBuRecon:run / flowPlanResolver (0.120375ms)
✔ Archive 固定行为：bankBuRecon:import:run / resultFlowIdentities (0.06ms)
✔ Archive 固定行为：bank-statement:export / flowPlanResolver (0.07775ms)
✔ Archive 固定行为：bank-statement:export / resultFlowIdentities (0.046625ms)
✔ Archive 固定行为：acquiringBillCurrency:export / flowPlanResolver (0.138083ms)
✔ Archive 固定行为：acquiringBillCurrency:export / resultFlowIdentities (0.064333ms)
✔ Archive 固定行为：acquiringBillCurrency:run / resultFlowIdentities (0.088708ms)
✔ Archive 固定行为：acquiringBillCurrency:run:resume / resultFlowIdentities (0.053417ms)
✔ Archive 固定行为：selectedFilePlan / filePlanResolver (0.807083ms)
✔ Archive 固定行为：workerFilePlan / filePlanResolver (0.409667ms)
✔ Archive 固定行为：acquiringBillCurrency:run:resume / filePlanResolver (0.282083ms)
✔ Archive 固定行为：deferredPromotion / promotionManifestResolver (0.162375ms)
✔ 探针可识别相同 callable 形状下的分类和 lineage 行为漂移 (0.418916ms)
✔ 公共 Archive registry 必须显式装配并在返回可用 registry 前拒绝漂移 (2.583416ms)
✔ 公共 Archive registry 冻结自己的快照并隐藏可变 Map (1.006708ms)
✔ 公共 Archive registry/common 的依赖闭包只含公共机制，没有领域或 composition 回边 (0.150958ms)
✔ 实际 G2 装配覆盖全部 134 个 taskKey、四 adapter 和四历史 route，装配不调用 owner (66.383375ms)
✔ 生产 composition 对 taskKey 重复、缺失、多余和 exclude 误绑定均失败关闭 (81.532042ms)
✔ 历史 routes 必须完整且不重复；缺少 route 的失败不触发领域恢复 (2.870292ms)
✔ G1 按固定顺序执行原 coordinator 全阶段，descriptor 枚举顺序无阶段含义 (72.660875ms)
✔ G1 participant 缺失/重复/额外身份在 bindPlatform 与恢复副作用前拒绝 (67.373666ms)
✔ G1 原失败状态和完整扫描屏障保持，编译不替代恢复 (64.863417ms)
✔ 隔离进程只读取 policy-catalog 不载入 descriptor 工厂、数据库或 worker 引擎 (132.944583ms)
✔ 五个公共机制入口的传递 require 图没有领域或 composition/catalog 回边 (39.367667ms)
✔ Acorn 边界探针正反例：忽略字符串/注释，捕捉 helper 间接领域或装配回边 (0.437459ms)
✔ compile 真实冻结五个 registry 和原 policyRegistry，静态预算继续 fallback (4.594667ms)
✔ static bucket 稳定并集允许重复引用，但不能以另一 bucket 抵消缺项 (2.83575ms)
✔ exact shape、schema、每个 static bucket 与 explicit null slot 必须完整 (3.210708ms)
✔ getter/Proxy/非法函数槽在副作用前拒绝，不触发陷阱或 hooks (2.367833ms)
✔ 稀疏数组、隐藏字段、symbol、循环和非 plain 对象不能伪装 descriptor data (2.990583ms)
✔ module/action/namespace/binding/channel/adapter/route/participant 重复定义均拒绝 (4.348167ms)
✔ 缺实现不能被 static key-only 掩盖，原 registry 的 API 检查仍实际运行 (1.677334ms)
✔ 动态 profile 只登记同步 estimator，不制造普通 profile value (0.948708ms)
✔ compound 必须有实际 topology planner，不能由静态引用或占位对象满足 (0.279666ms)
✔ lookup 只调用已登记 Main closures，未知 action fail closed，保留领域异常 (1.096875ms)
✔ G1/G2 registration 用原 registry/coordinator 消费，编译不运行生命周期 (0.856792ms)
✔ P3：非生产关闭观察未配置派发 hook 时保持到达 adapter 的旧行为 (82.4505ms)
✔ P3：实际已启用的生产 action 缺少派发 hook 仍在 adapter 前拒绝 (41.462666ms)
▶ P3：已有 BizOP Main 授权时，其他模块仍须自己的关闭观察派发绑定
  ✔ 非生产 action 保留原混合门禁拒绝 (38.058833ms)
  ✔ 生产已启用 action 仍在 adapter 前拒绝 (39.75775ms)
  ✔ 提供本模块通用 hook 后先执行 hook，再进入 adapter (34.728666ms)
✔ P3：已有 BizOP Main 授权时，其他模块仍须自己的关闭观察派发绑定 (112.872666ms)
▶ P3：生产与非生产已配置 hook 均先调用 hook 再进入 adapter
  ✔ production=false (33.985709ms)
  ✔ production=true (33.247ms)
✔ P3：生产与非生产已配置 hook 均先调用 hook 再进入 adapter (67.414542ms)
✔ P3：真实 hook 抛出缺授权错误时不能被非生产兼容路径吞掉 (33.350583ms)
✔ P3：非生产兼容路径保留 BizOP 本域派发授权，通用 hook 不能代替 (32.222583ms)
✔ Main 最终装配入口保持原 49 action 的完整冻结 runtime 映射且 catalog 只读 (74.775791ms)
✔ 全部 Main binder 保留输入、注入本代 authority，BizOP 只委派本域授权与 beforeDispatch (45.686792ms)
✔ 路径与 Duplicate startup gate 冻结在本代，后续 composition 不改变旧代 authority (79.164125ms)
✔ 原 Main 派发回调仅填充无本域回调的 action，不能替代 BizOP authority (36.003459ms)
✔ runtime manager 经真实 Supervisor 派发本代 binder，drain/resume 后重新读取 provider (76.717167ms)
✔ 非生产 harness 仅新增 descriptor 即可执行新 action，无公共 runtime 分支 (17.540916ms)
✔ 生产装配的独立 authority/coverage 拒绝测试 descriptor，即便自报 production enabled (362.495958ms)
✔ 固定批准基线接受当前49个runtime与13个production，catalog与私有authority保持一致 (62.314792ms)
✔ 正式 runtime 装配在创建 Governor/worker 前拒绝已知 action 语义漂移：missing (28.270833ms)
✔ 正式 runtime 装配在创建 Governor/worker 前拒绝已知 action 语义漂移：enable (29.355208ms)
✔ 正式 runtime 装配在创建 Governor/worker 前拒绝已知 action 语义漂移：legacy-production (25.099625ms)
✔ 正式 runtime 装配在创建 Governor/worker 前拒绝已知 action 语义漂移：legacy-disabled (28.772958ms)
✔ 正式 runtime 装配在创建 Governor/worker 前拒绝已知 action 语义漂移：swap (21.93975ms)
✔ 正式 runtime 装配在创建 Governor/worker 前拒绝已知 action 语义漂移：disable (23.504333ms)
✔ catalog 与 descriptor 同时漂移也不能成为彼此的批准基线 (323.605167ms)
✔ 只改 catalog 同样在正式装配时拒绝，不能留下查询/实际 runtime 分叉 (328.882583ms)
✔ manifest --write 在写任何产物之前拒绝错误 catalog，不重生成批准期望 (135.237625ms)
✔ G7 基线保存全部 49 action 的原 policy、载体映射、冻结 binding 与生产策略 (15.625625ms)
✔ 14 个精确 bucket 经原五 registry 重建和真实 freeze/getBinding 后仍保持逐 action 基线 (21.413166ms)
✔ 静态 profile 必须使用 resourceProfileKeys；旧别名无法补偿缺失的静态能力 (36.474334ms)
✔ 48 个静态 action 不补造 estimator；唯一动态 profile 归 NewAccount 所有 (0.166875ms)
✔ 无动态 estimator 的 Toolbox 沿用静态 phase，保留 5 秒准入且不启动 worker (4.565667ms)
✔ NewAccount 实际 estimator 在准入前根据合法输入提升 memory，保留原 carrier slots (1.607916ms)
▶ NewAccount estimator 的 Promise 与 topology slot 漂移在任何准入/worker 前被原 Supervisor 拒绝
  ✔ Promise (2.131ms)
  ✔ worker slots (4.898875ms)
  ✔ utility slots (3.79825ms)
✔ NewAccount estimator 的 Promise 与 topology slot 漂移在任何准入/worker 前被原 Supervisor 拒绝 (11.428542ms)
✔ 真实 runtime binder 逐受保护 action 拒绝缺失 authority 与 payload override，且尚未创建载体 (38.2255ms)
ℹ tests 206
ℹ suites 0
ℹ pass 206
ℹ fail 0
ℹ cancelled 0
ℹ skipped 0
ℹ todo 0
ℹ duration_ms 69179.448084
