TAP version 13
# select after export false
# bank {
#   main: { bank: false, recon: false },
#   disabled: true,
#   text: '已导入：bank.xlsx（0 行）'
# }
# recon {
#   main: { bank: false, recon: false },
#   disabled: true,
#   text: '已导入 recon.xlsx（0 行业务账单 / 0 行对手账单）；请点击"开始运行"'
# }
# Subtest: 审查探针：Recon 一次导出后场景选择须恢复
ok 1 - 审查探针：Recon 一次导出后场景选择须恢复
  ---
  duration_ms: 7.901292
  type: 'test'
  ...
# Subtest: 审查探针：bank 隐藏期间批删场景，返回清除旧导出反馈
ok 2 - 审查探针：bank 隐藏期间批删场景，返回清除旧导出反馈
  ---
  duration_ms: 3.726959
  type: 'test'
  ...
# Subtest: 审查探针：recon 隐藏期间批删场景，返回清除旧导出反馈
ok 3 - 审查探针：recon 隐藏期间批删场景，返回清除旧导出反馈
  ---
  duration_ms: 2.803792
  type: 'test'
  ...
1..3
# tests 3
# suites 0
# pass 3
# fail 0
# cancelled 0
# skipped 0
# todo 0
# duration_ms 181.728541
