▶ v3.0.18 在线升级静态契约
  ✔ 构建配置固定 GitHub latest、无签名校验和更新元数据 (1.382292ms)
  ✔ 底部按钮顺序和设置状态点保持固定 (0.775875ms)
  ✔ preload 仅暴露约定的升级 IPC 能力 (0.213792ms)
  ✔ 启动检查没有周期定时器，portable 只打开固定 Releases 页面 (2.46075ms)
  ✔ 升级安装闸门覆盖独立月份删除入口，升级错误不向 Renderer 透传底层 message (2.427666ms)
  ✔ 升级与普通退出只按持有者 token 获取和释放统一维护闸门 (1.763375ms)
  ✔ Windows 发布工作流验证 main、版本、更新哈希并直接发布稳定 Release (0.287958ms)
✔ v3.0.18 在线升级静态契约 (9.940375ms)
▶ v3.1.13 设置与存档中心静态契约
  ✔ 主进程源码不含真实 NUL 字节，保持 Git 文本差异可审查 (0.829667ms)
  ✔ 正常退出等待后台存档排空，不在固定超时后丢弃尚未登记的批次 (0.270708ms)
  ✔ 业务 IPC 返回成功前等待本次存档登记与处理，不只写入内存尾队列 (0.239ms)
  ✔ 存档写操作纳入业务退出闸门，平盘失败源由存档状态驱动释放 (1.681708ms)
  ✔ 异常恢复按删除证据计算清理候选，并在清除 pending 后执行受保护目录清理 (0.568708ms)
  ✔ 设置弹窗为双栏导航且默认停留在版本管理，内部自动更新名称保留 (0.861416ms)
  ✔ 自动更新既有选择器与行为契约继续存在 (0.273167ms)
  ✔ preload 仅暴露保留中的 archiveCenter API 与约定 IPC 通道 (1.150167ms)
  ✔ 筛选仅包含日期、模块、批次号，不提供文件名搜索 (0.313042ms)
  ✔ 存档设置齿轮紧邻“存档中心”，文件总大小保持独立靠右 (0.208166ms)
  ✔ 批次、文件、失败重试和全局确认均接入 archiveCenter (1.14775ms)
  ✔ 存档设置只显示位置、迁移进度与期限，模板不存档完全退役 (1.857542ms)
  ✔ 真实进入先完成 list 再启动后台维护，维护刷新保留但顶部提示静默 (0.7605ms)
  ✔ 永久保留值保持为 permanent，加载和即时保存期间禁用返回与关闭入口 (0.303875ms)
  ✔ 保留期限使用单一串行 latest-intent，旧失败有 pending 时继续且最终失败才恢复 (0.288917ms)
  ✔ 批次列表严格两行并保留状态、时间、锁定、焦点和 aria-current (0.11725ms)
  ✔ 详情独立投影任务状态，列表与详情存档状态支持合法 staging (0.212833ms)
  ✔ 详情使用结构化 relatedBatches 同日/跨日分组并只切换现有 selectedBatchId (0.26225ms)
  ✔ 详情按钮文案和无障碍名称符合锁定、打开、另存为合同 (0.169917ms)
  ✔ 指定说明被删除，portable 下载提示保留且安装版空说明收起 (0.146917ms)
  ✔ 自动更新文字字号和右边界由共享尺寸变量约束 (0.139292ms)
  ✔ 锁定批次仍显示原到期日，不误写成永久保留 (0.058459ms)
  ✔ 批次永久期限明确显示为永久，缺失期限和锁定日期分别显示 (0.664375ms)
  ✔ 文件角色使用中文语义，锁定与重试按钮异常后可恢复操作 (0.209416ms)
  ✔ 图标按钮具备可访问名称，尺寸覆盖两个目标窗口 (0.234334ms)
  ✔ 迁移恢复完成前，Controller、FlowResolver 与 TaskLifecycle 仅共享稳定 delegate (0.314209ms)
  ✔ 启动放行必须等待 storage journal 恢复，失败时 delegate 保持 unavailable (98.147042ms)
✔ v3.1.13 设置与存档中心静态契约 (112.238834ms)
✔ 永久删除确认先只读预检，完整结果和待完成删除入口覆盖所有模块 (0.575125ms)
✔ settingsLoading 未收口时不发起删除预检或替换设置页 (2.55875ms)
✔ 删除预检等待期间 settingsLoading 开始，迟到预检不替换设置页；收口后可重新预检 (1.640875ms)
✔ retentionSaving 未收口时不发起删除预检或替换设置页 (0.572667ms)
✔ 删除预检等待期间 retentionSaving 开始，迟到预检不替换设置页；收口后可重新预检 (0.748417ms)
✔ retentionPendingIntent 未收口时不发起删除预检或替换设置页 (0.488125ms)
✔ 删除预检等待期间 retentionPendingIntent 开始，迟到预检不替换设置页；收口后可重新预检 (0.571833ms)
✔ 关闭设置页后迟到的删除预检 success 不覆盖后续弹窗或写入反馈 (1.238667ms)
✔ 关闭设置页后迟到的删除预检 failure 不覆盖后续弹窗或写入反馈 (0.812125ms)
✔ 关闭设置页后迟到的删除预检 rejection 不覆盖后续弹窗或写入反馈 (0.735834ms)
✔ 不同批次并发预检按 0→1 返回，仅最近一次请求显示确认 (0.66275ms)
✔ 不同批次并发预检按 1→0 返回，仅最近一次请求显示确认 (0.96075ms)
✔ 设置页被其他弹窗替换后，迟到预检不重新抢占弹窗 (0.489583ms)
✔ 正常取消只关闭确认子页并返回仍挂载的设置页，不发起删除 (0.485625ms)
✔ 取消后打开新弹窗，后续微任务不复活已销毁的设置页 (0.539291ms)
✔ 正常删除防止重复提交与执行中取消，完成后关闭子页并刷新仍挂载的设置页 (0.756875ms)
✔ 实际删除失败保留当前确认及错误，恢复确认和取消按钮 (0.664458ms)
✔ 执行中阻止替换，页面销毁后已提交删除的迟到 success 不影响新弹窗 (0.594708ms)
✔ 执行中阻止替换，页面销毁后已提交删除的迟到 rejection 不影响新弹窗 (0.491375ms)
✔ 删除成功后的列表刷新期间关闭设置页，不再继续统计或显示迟到完成消息 (0.471084ms)
▶ 重复入金匹配 UI / preload / IPC 接线
  ✔ 页面复用三按钮布局且初始状态正确 (0.489542ms)
  ✔ renderer 注册默认关闭模块的状态、按钮和 preview 路径 (0.861542ms)
  ✔ preload 的 4 个 invoke、3 个进度通道与 main handlers 对齐 (1.03575ms)
  ✔ startup在freeze前同时注册manual与duplicate恢复链，再允许getter构造Service (0.657917ms)
  ✔ main handlers 对取消、失败、进度和锁释放执行真实契约 (2.84925ms)
  ✔ startup未完成或active Hold时所有legacy入口fail closed且不打开文件选择器 (0.599625ms)
✔ 重复入金匹配 UI / preload / IPC 接线 (7.031875ms)
✔ Payment 不再读取 mid-allocation 原始订单或注入 midAllocationContext (0.529084ms)
✔ Payment 开启时强制加载 fundTransferReconContext 工作副本 (0.160416ms)
✔ Payment 开启时派生失败必须阻断，不能读取陈旧持久表降级 (0.160291ms)
✔ Payment 预检阻断的 code 和明细从 main 透传并在运行弹框显示 (0.181208ms)
✔ 新一轮运行开始即清空旧 processingResult，预检失败后不能导出上一轮结果 (0.067917ms)
✔ 导入离页后成功结算，先结算再返回保留最终反馈及一次调用 (4.7025ms)
✔ 导入离页后成功结算，先返回再结算保留最终反馈及一次调用 (1.466625ms)
✔ 导入离页后失败结算，先结算再返回保留最终反馈及一次调用 (0.93ms)
✔ 导入离页后失败结算，先返回再结算保留最终反馈及一次调用 (0.916666ms)
✔ 导入离页后取消结算，先结算再返回保留最终反馈及一次调用 (0.881292ms)
✔ 导入离页后取消结算，先返回再结算保留最终反馈及一次调用 (0.821167ms)
✔ 导入离页后连接异常结算，先结算再返回保留最终反馈及一次调用 (1.215042ms)
✔ 导入离页后连接异常结算，先返回再结算保留最终反馈及一次调用 (0.728042ms)
✔ 未提交的旧导入选择ok在离页后废弃，保留此前任务反馈 (0.847541ms)
✔ 未提交的旧导入选择cancelled在离页后废弃，保留此前任务反馈 (0.669042ms)
✔ 未提交的旧导入选择异常在离页后废弃，保留此前任务反馈 (0.55975ms)
✔ 恢复检查离页后的真实 ready=true结算不被旧页面代次改写 (0.549458ms)
✔ 恢复检查离页后的真实 ready=false结算不被旧页面代次改写 (0.475125ms)
✔ 初始和重新进入 ACTIVE 页面无手动报告或任务取消节点，保留模式路由 (0.994625ms)
✔ 导入保持原位、busy 防重复与焦点恢复，失败及长报告路径一起显示并跨刷新保留 (1.64725ms)
✔ 报告 failed、pending、unavailable、归档未决不改变原业务失败且不展示未确认路径 (0.869334ms)
✔ 状态读取失败与导入连接错误同时展示，异常退出仍清 busy 并锁定未就绪入口 (0.544292ms)
✔ 成功任务后状态读取失败可见且不重复累积，状态恢复及新任务清除过期故障 (1.163833ms)
✔ 失败任务与已保存报告叠加状态读取故障，恢复状态且历史存档待检查时保留原业务错误和报告 (0.701833ms)
✔ 运行保留原 disabled、忙碌时阻止关闭弹窗，后端 cancelled 正常恢复且不提供中止入口 (1.776958ms)
✔ 文件选择、日期选择与普通另存为取消不提交后端任务，导出 busy 期间无任务取消入口 (3.029917ms)
✔ 取消选取、删除确认取消仍有效，删除执行时普通取消禁用并保留关闭保护 (3.088042ms)
✔ 输入与结果原表导出仍使用普通保存选择且没有任务取消占位 (1.6095ms)
✔ manual balance 无效输入在 prepare 停止：0 BOR/reserve/execute/写盘 (3.527875ms)
✔ manual balance 内存会话沿用账单源文件，余额 0 可进入 FilePlan 并写盘 (4.274042ms)
✔ manual balance 覆盖首调与取消不入批次，确认后只 reserve/写入一次 (2.0255ms)
✔ manual balance 确认期证据变化返回结构化 proceed:false 且不进入 lifecycle (0.138542ms)
✔ Pending 无效输入与 need-confirm 均 0 BOR/reserve/worker，取消不触发二次调用 (0.336792ms)
✔ Pending 确认只用 opaque context，main v1 datasetSeed 经 preflight 原样传到 session (1.489625ms)
✔ Pending 确认期证据变化返回结构化 proceed:false 且不进入 lifecycle (0.103583ms)
✔ Pending 生产 freshness guard 重读源文件与月份 count/meta (1.045875ms)
✔ manual balance 生产 freshness guard 重读账单 session 与 seed 证据 (1.205417ms)
✔ renderer 确认请求只生成 contextId + confirm flag (4.726625ms)
✔ 真实service任意per-file transport异常形成mixed结果并继续，父shape由fixture冻结 (3.982792ms)
✔ 真实policy/TaskLifecycle执行与handler/Renderer源码seam冻结partial terminal (1.930084ms)
✔ Ordered Coordinator乱序transport crash同样只失败当前unit并继续后续unit (0.374292ms)
✔ managed strict failure沿用legacy顶层repair token shape且新轮清除旧token (1.274875ms)
✔ managed repair与legacy逐项保持token删除/保留和顶层结果shape (1.052917ms)
✔ fixed 提取按服务端 rowsWithEmptyBlocks 选择，保留空 block 行 (1.43975ms)
✔ fixed 前块空、后块有交易时按 per-file block ordinal 冻结 M001/M002 (1.029541ms)
✔ self-input 单文件多 block 按 ordinal 独立桥接，未识别 block fail closed (0.94075ms)
✔ self-input 后块不得把前块交易行中的 bankId 误归为 bridge (0.259416ms)
✔ 冻结顺序 evidence 按 session + file block ordinal 提取，失败行和币种歧义可观测 (0.173625ms)
✔ 首次 workbook raw rows 派生最小 recognition basis，标准/bridge/多模板均不重读源 (0.45475ms)
✔ 大账号 fuzzy fallback 保持旧 last-fuzzy-wins 顺序 (0.06775ms)
✔ statement workbook 读取期间变化时统一失败，输出与 session side effect 均为 0 (2.327916ms)
✔ public freshness 通过后稳定替换 v2，reader 起点仍绑定 confirmed FilePlan snapshot (2.387583ms)
✔ filename 多模板先完成全部稳定读取，再产生输出或 session 副作用 (0.399583ms)
✔ direct/filename/big-account execute 不泛化 statement 读取稳定性错误 (0.757625ms)
✔ 完成选择接受完整乱序 assignments，并拒绝重复 rowIndex (0.282083ms)
✔ 大账号 preview DTO 只暴露 contextId 与展示行，不暴露主进程 filePath (0.113792ms)
✔ 非 bill-split 缓存行注入大账号且移除 selectedCurrency 已短路的伪告警 (0.28025ms)
✔ 多大账号 + bill-split 缓存路径回退 raw rebuild，保留原币种拆分算法 (0.101459ms)
✔ 普通模板 direct recognition 的 preview 决策在 execute 复用，只探测一次 (0.330959ms)
✔ fixed 顺序自定义输入的 preview auto-match 决策在 execute 复用，不重开源文件 (0.3355ms)
✔ 网银 picker snapshot 注入 FilePlan，预检/重复弹窗不比较，beforeStart 只验 session (1.430292ms)
✔ 大账号顺序提取/保存只消费预检冻结 evidence，不重读源文件 (0.341542ms)
✔ acquiring peek 探测期间源文件变更会在建立覆盖上下文前被拒绝 (1.128833ms)
✔ 顺序持久化失败只追加生成后告警，不覆盖已形成的业务结果 (0.140083ms)
✔ 选择结果构造不清 lastErrorReport，renderer 只回传 contextId + rowIndexes/assignments (1.201042ms)
✔ Statement 五条 eager action 只以冻结 FilePlan 作为业务文件路径权威 (1.070291ms)
✔ 两个 deferred action 仅在非空结果确定具体 output 后 promote，写盘与证据同一路径 (2.565583ms)
▶ 需求3 进度契约：renderer formatBankStatementRunProgress 形态
  ✔ formatBankStatementRunProgress 存在且同时识别 ev.stage 与 ev.round 两类事件 (0.448167ms)
✔ 需求3 进度契约：renderer formatBankStatementRunProgress 形态 (1.057292ms)
▶ 需求3 进度契约：编排器 emit 的每个 round 在 renderer 都有文案（跨文件）
  ✔ 编排器 yieldTick 轮次集合非空且每个都命中 renderer ROUND_LABELS (0.232917ms)
✔ 需求3 进度契约：编排器 emit 的每个 round 在 renderer 都有文案（跨文件） (0.291958ms)
▶ 需求3 进度契约：handler emit 的每个 stage 在 renderer 都有文案（跨文件）
  ✔ handler yieldRun 阶段集合非空且每个都命中 renderer STAGE_LABELS (0.430958ms)
✔ 需求3 进度契约：handler emit 的每个 stage 在 renderer 都有文案（跨文件） (0.479708ms)
▶ 需求3 进度契约：run:progress 通道名三处一致（main send ↔ preload on/removeListener）
  ✔ main.js 内联 forwarder 发到 bank-statement:run:progress (0.480458ms)
  ✔ preload 在同名通道 on + removeListener，并暴露 bankStatement.onRunProgress (0.107416ms)
  ✔ renderer 经 desktopApi.bankStatement.onRunProgress 订阅并喂给格式化器 (0.074125ms)
✔ 需求3 进度契约：run:progress 通道名三处一致（main send ↔ preload on/removeListener） (0.766ms)
✔ 历史存档待检查时业务可用，可连续检查并保留本次检查反馈 (4.347667ms)
✔ 真正未决的恢复仍阻止业务，并保留重试恢复入口 (0.916458ms)
✔ 一次存档检查未完成时重复点击不会启动第二次 (0.818125ms)
✔ 继续检查发现新的真正未决时立即禁用业务并保留错误提示 (1.142208ms)
✔ 旧版状态未返回待检查字段时保持原有入口行为 (0.521458ms)
✔ 模块尚未激活时不能继续检查或操作业务 (0.652042ms)
▶ isGatewayBillReady — 行为（v3.0.0 需求2b：判据改向链接表 gateway-bill rowCount）
  ✔ status=ok 且 rowCount>0（5）→ true (1.15625ms)
  ✔ status=ok 但 rowCount=0 → false（链接表空 = 未就绪 = 仍提醒） (0.159459ms)
  ✔ rowCount 缺失 / null / NaN / 字符串 "5" → 一律 false（Number.isFinite 严格） (0.530625ms)
  ✔ status=failed（即便带 rowCount>0）→ false（非 ok 一律未就绪） (0.076875ms)
  ✔ 返回 null / undefined / 空对象 → false（短路保护） (0.09625ms)
  ✔ IPC reject（throw）→ catch 返回 false（保守防漏对账） (0.150666ms)
✔ isGatewayBillReady — 行为（v3.0.0 需求2b：判据改向链接表 gateway-bill rowCount） (2.7765ms)
▶ isGatewayBillReady — 源码护栏（判据严格性 / catch 兜底 / 旧 session 死路径已弃用）
  ✔ ① C3 就绪门控不再依赖旧 gatewayReconSession（无 `if (state.gatewayReconSession) return`） (0.181708ms)
  ✔ ② isGatewayBillReady 存在且查链接表 gateway-bill (0.118958ms)
  ✔ ③ 判据严格：status===ok && Number.isFinite(r.rowCount) && r.rowCount > 0 (0.061959ms)
  ✔ ④ 异常按未就绪：catch 内 return false (0.115708ms)
  ✔ ⑤ 两处门控均经 isGatewayBillReady()（import 提醒 return / 运行点提醒 return false） (0.047125ms)
  ✔ ⑥ c3CandidateCount 数据侧预检保留（两处门控都仍判候选行） (0.049667ms)
✔ isGatewayBillReady — 源码护栏（判据严格性 / catch 兜底 / 旧 session 死路径已弃用） (0.699875ms)
▶ C3 提醒文案改向链接表（v3.0.0 需求2b）
  ✔ ⑦ 新文案存在：import 提醒指向「链接表管理」导入网关对账单 (0.065458ms)
  ✔ ⑦ 新文案存在：运行点提醒指向「网关对账单（链接表）」 (0.038833ms)
  ✔ ⑦ 旧文案「资金对账不平结果表」已从 C3 两处提醒移除 (0.033666ms)
✔ C3 提醒文案改向链接表（v3.0.0 需求2b） (0.184958ms)
▶ C3 导入动作改调链接表（v3.0.0 需求2b：onConfirm 链路）
  ✔ ⑧ 两处 onConfirm 均经 importLinked 调 linkedTable.import、消费失败并刷新状态 (0.123541ms)
  ✔ ⑧ onConfirm 不再调死链 handleBankStatementImportGatewayRecon（剥离注释后判，注释里提名不算） (0.051709ms)
✔ C3 导入动作改调链接表（v3.0.0 需求2b：onConfirm 链路） (0.201375ms)
▶ Main 死链兼容保留，Renderer 移植后不再暴露无调用旧函数
  ✔ ⑨ Renderer 当前控制器不绑定废弃导入函数，Main 兼容入口继续保留 (0.04325ms)
  ✔ ⑨ main.js 仍保留死链 gateway-recon:import handler 与 gatewayReconSession 变量 (0.134958ms)
✔ Main 死链兼容保留，Renderer 移植后不再暴露无调用旧函数 (0.205667ms)
▶ preload + main 链路（v3.0.0 需求2b：linked-table:row-count）
  ✔ ⑩ preload 暴露 linkedTable.rowCount → invoke("linked-table:row-count", tableKey) (0.085125ms)
  ✔ ⑩ main.js linked-table:row-count handler 调 getLinkedTableMeta (0.1875ms)
  ✔ ⑩ main.js row-count handler 未初始化 / 异常 → 返回 status: failed (0.1855ms)
✔ preload + main 链路（v3.0.0 需求2b：linked-table:row-count） (0.490542ms)
▶ P2-3：账户映射弹窗加载守卫（禁用『完成』防 save([]) 清空）
  ✔ ① 初始禁用：setDoneEnabled(false) 同步先于异步 list()，setter 用原生 disabled (0.494417ms)
  ✔ ② 成功路：status===success（含空数组）→ loadMappings + loaded=true + setDoneEnabled(true) (0.109833ms)
  ✔ ③ 失败路：catch→result=null，非 success 分支 showNestedAlert 提示且不启用「完成」 (0.087292ms)
  ✔ ④ 防御纵深：done click handler 开头 if (!loaded) return (0.096208ms)
  ✔ ⑤ 合法空不误伤：成功分支无 result.mappings.length 门槛（空数组同样启用、可有意存空） (0.044ms)
  ✔ 回归：旧「静默留空表」实现已移除 (0.036042ms)
✔ P2-3：账户映射弹窗加载守卫（禁用『完成』防 save([]) 清空） (1.450417ms)
▶ v3.1.1 canonical owner UI 身份与旧冲突处置
  ✔ UI canonical 谓词同时检查 category/isBuiltin/funcCategory/subCategory (0.427583ms)
  ✔ 旧非内置保留签名显示“非系统冲突场景”与“删除冲突”，不进入管理页 (0.08875ms)
  ✔ 列表渲染前会为全部 builtin-fixed 行补齐 config，冲突判定不依赖简表缺失字段 (0.18325ms)
✔ v3.1.1 canonical owner UI 身份与旧冲突处置 (1.284ms)
▶ v3.1.1 调拨回填功能管理
  ✔ canonical owner 使用新标题、隐藏适用渠道控件，并显示日期控件 (0.14175ms)
  ✔ 调拨单匹配日期与优先级共用一行，日期在左、优先级在右 (0.3195ms)
  ✔ 日期开关默认 true；关闭仅禁用输入框、不清空原值 (0.183459ms)
  ✔ 保存前校验 1–999 整数，完整 config 浅合并写回日期/中台来源/Payment 子配置 (0.169333ms)
  ✔ canonical owner 保存不调用渠道写入；非 owner 才 setApplicableChannels (0.099875ms)
✔ v3.1.1 调拨回填功能管理 (1.040958ms)
▶ F1：Payment 勾选行 + 条件展开三输入框
  ✔ HTML 含勾选行「Payment线下调拨订单回填处理」与三组输入框（银行渠道/地区/大账号） (0.405459ms)
  ✔ 输入框不预填生产值，仅 placeholder 示例（含顿号分隔的多账号） (0.059709ms)
  ✔ gating：仅完整 canonical fund-transfer owner 显示 payment 控件 (0.253417ms)
  ✔ 显隐联动：勾选/取消展开区显隐（取消勾选保留输入值，不清空 input.value） (0.252958ms)
  ✔ 校验：勾选时三项全必填，inline 校验不关弹窗（return 无 reopen/createAlertDialog） (0.15875ms)
✔ F1：Payment 勾选行 + 条件展开三输入框 (1.7165ms)
▶ F2：config 读-改-写浅合并保存 + 加载守卫
  ✔ 加载完成前禁用保存（saveButton.disabled = true → 加载后 false） (0.2045ms)
  ✔ cachedConfig 缓存自 scenarios.get 返回的完整 config（保存浅合并基底） (0.099833ms)
  ✔ 浅合并：update 的 config 以 cachedConfig 为基底展开，仅覆盖 reconSourceMid/paymentOfflineBackfill（不丢 seed 字段） (0.217292ms)
  ✔ 多账号使用共享严格解析器，格式错误 inline 提示并禁止保存 (0.101292ms)
  ✔ 非 payment 场景维持原行为：update 不携带 config（仅 priority） (0.186167ms)
✔ F2：config 读-改-写浅合并保存 + 加载守卫 (0.922208ms)
▶ T6：对账数据来源二选一勾选行（reconSourceMid）
  ✔ HTML 含勾选行「对账数据来源为中台调拨单表」与勾选框 data-field=recon-source-mid (0.078875ms)
  ✔ gating：仅 fund-transfer-backfill 场景显示（与 payment 行同 gating，默认 hidden） (0.465333ms)
  ✔ 默认勾选：加载时 checked = cachedConfig.reconSourceMid !== false（老库无字段→勾选） (0.07175ms)
  ✔ Payment 开启时自动勾选并锁定来源，关闭后解除锁定且保留勾选值 (0.076917ms)
  ✔ 保存：Payment 开启时强制 reconSourceMid=true，否则取复选框值 (0.171ms)
✔ T6：对账数据来源二选一勾选行（reconSourceMid） (0.930917ms)
▶ 退款流水号模糊匹配场景配置
  ✔ 仅退款场景显示左下角勾选框，老配置默认不勾选 (0.511375ms)
  ✔ 保存时基于完整 config 浅合并，仅覆盖退款开关 (0.282583ms)
  ✔ 非退款场景不写该配置，Payment 既有浅合并分支保留 (0.085667ms)
✔ 退款流水号模糊匹配场景配置 (1.43025ms)
▶ P2-2：新建 ReconID 场景固定 channel_id=1
  ✔ create 路径用 isReconIdFixCategory 选 channelId（ReconID → 1，否则沿用 activeScenarioChannelId） (0.607292ms)
  ✔ scenarios.create 的 channelId 入参用 createChannelId（不再直接用 activeChannelId 局部变量） (0.102333ms)
✔ P2-2：新建 ReconID 场景固定 channel_id=1 (1.233416ms)
▶ P2-3：场景管理弹窗 builtin-fixed 置顶（与 run 路径 displayIndex 对齐）
  ✔ manager refreshTable 仍把 builtin-fixed sort 到首位（displayIndex=1） (0.155041ms)
✔ P2-3：场景管理弹窗 builtin-fixed 置顶（与 run 路径 displayIndex 对齐） (0.217584ms)
▶ W6-A：退役自带 C3（仅前端过滤隐藏，零 migration 改动；用户自建 C3 保留）
  ✔ refreshTable 渲染前只过滤「自带 C3」（gateway-recon-join 且 isBuiltin），用户自建 C3 不过滤 (0.487375ms)
  ✔ 过滤发生在补 config / 白名单 / 渠道过滤之前（用 scenariosRaw → scenarios 命名） (0.0675ms)
  ✔ 不触碰后端：本前端改动不引入 migrations / 引擎 / dispatcher 改动（注释明确可回滚红线） (0.145083ms)
✔ W6-A：退役自带 C3（仅前端过滤隐藏，零 migration 改动；用户自建 C3 保留） (1.267291ms)
▶ W6-B：两大功能分组（组名复用 FUNC_CATEGORY_LABELS）
  ✔ 定义 SCENARIO_GROUP_DEFS：资金性质校验组含 fund-nature-check + dbs-charge-fund-check (0.155375ms)
  ✔ 中台订单数据处理组 = platform-order (0.106166ms)
  ✔ 组名复用 FUNC_CATEGORY_LABELS（避免硬编码漂移） (0.060416ms)
  ✔ getScenarioGroupKey：无 funcCategory（含 C1/C2/无 funcCategory 的 builtin-fixed）→ null（扁平） (0.094458ms)
✔ W6-B：两大功能分组（组名复用 FUNC_CATEGORY_LABELS） (0.530583ms)
▶ W6-C：三角折叠 + 默认收纳
  ✔ 两组默认 collapsed：collapsedGroups 初始含全部分组 key (0.094958ms)
  ✔ 分组标题行带 ▶/▼ 三角 + data-action="toggle-group" (0.073209ms)
  ✔ 分组标题行 colspan 跟随可见列数（checkbox+id+category+name+actions 基础 5 列 + 优先级/启用） (0.087084ms)
  ✔ 子场景行标记 data-group + scenario-group-row，初始折叠态加 .collapsed (0.431583ms)
  ✔ refreshTable 分组渲染：扁平场景先渲染，再每组插标题 + 子行；空组不渲标题 (0.075041ms)
  ✔ 🔴 N3-1 红线：序号列用 scenario.displayIndex（派发口径），不用分组重排位置序数 (0.136417ms)
  ✔ toggleScenarioGroup：翻转 collapsedGroups + 子行 .collapsed + 三角字符 (0.0505ms)
  ✔ tbody click 委托优先处理 toggle-group（先于 row-action 行操作） (0.081917ms)
✔ W6-C：三角折叠 + 默认收纳 (1.176708ms)
▶ 工具箱工厂的实际导出与调用边界
  ✔ 工厂只接入 scoped API、modalBridge 和明确 UI 服务，保留三个兼容入口 (0.561042ms)
  ✔ 迁移后只有宿主挂载弹窗，领域工厂不写 modalRoot 或通过原生 alert 反馈 (0.15725ms)
  ✔ 经典脚本加载顺序满足宿主、桥接、工具箱工厂、旧兼容门面、装配入口 (0.24825ms)
✔ 工具箱工厂的实际导出与调用边界 (1.500208ms)
▶ 工具箱既有可见结构与可访问性
  ✔ 状态框保留 aria-live、纯文字等待提示和合并/拆分双入口 (0.127833ms)
  ✔ 值多选保留浮动勾选面板，按行与多文件入口存在 (0.076083ms)
✔ 工具箱既有可见结构与可访问性 (0.266042ms)
▶ T7 入口按钮与 preview 注册（renderer 侧静态校验）
  ✔ index.html 有 #toolboxBtn（🧰）按钮 (0.067959ms)
  ✔ renderer.js 绑定 toolboxBtn click → 宿主预检后构建工具箱 (0.106667ms)
  ✔ renderer.js preview dispatch 含 toolbox / toolbox-split-field-picker 两分支 (0.17525ms)
✔ T7 入口按钮与 preview 注册（renderer 侧静态校验） (0.462625ms)
▶ v3.1.13 工具箱状态框布局合同
  ✔ 状态框宽度严格为 2 × 72px 标签宽度，并跨两行 (0.230125ms)
  ✔ 状态框与两枚 36px 导入按钮共享两条 36px grid 行 (0.249459ms)
✔ v3.1.13 工具箱状态框布局合同 (0.532834ms)
▶ v3.0.19 合并 handler 多 Sheet 编排与临时资源生命周期
  ✔ 合并入口委托 strict multi-sheet orchestrator，IPC 名保持不变 (0.070083ms)
  ✔ 临时目录由 try/finally 在成功、取消保存和失败路径统一 best-effort 清理 (0.052042ms)
  ✔ 用户目标文件通过统一可恢复发布 helper 落盘，不直接复制覆盖 (0.104209ms)
  ✔ 成功日志包含文件、输入 sheet、数据行和输出 sheet 四类计数 (0.069417ms)
✔ v3.0.19 合并 handler 多 Sheet 编排与临时资源生命周期 (0.370125ms)
✔ 实际提取事件：全批未维护提示转义并保留位置，确认只取消当前上下文 (6.184375ms)
✔ 取消失败可重试，期间不能恢复导入；not-active 作为已结束 (2.6155ms)
✔ 普通未识别仍能返回手动完成；完成请求期间禁止再次提交和提取 (1.137625ms)
✔ 提取 IPC 拒绝提供可见错误，保留手选窗口 (1.03475ms)
✔ C2 真实渲染函数展示两个操作符、只读禁用，确认详情保留选择及旧默认 (1.912708ms)
▶ buildImportIssuesSummary — 行为（v3.0.0 需求2a）
  ✔ 全 ok（无跳过无失败）→ 空摘要、hasFailed=false (0.474417ms)
  ✔ 空数组 / 非数组 → 空摘要、hasFailed=false（缺省兜底） (0.070875ms)
  ✔ 纯跳过（status=disabled）→ 「跳过 N 个: 文件…」、hasFailed=false (0.078375ms)
  ✔ 纯失败（read-error/invalid/ambiguous/unrecognized）→ 「失败 N 个: 文件: 原因」、hasFailed=true (0.061625ms)
  ✔ 混合（跳过 + 失败）→ 两段以 \n 分隔、跳过在前失败在后、hasFailed=true (0.062ms)
  ✔ 失败原因口径：message > statusLabel > status（与 buildBatchImportSummaryHtml 一致） (0.479333ms)
  ✔ ok 与 disabled 之外其余状态一律计入失败（含 ambiguous/unrecognized） (0.10925ms)
✔ buildImportIssuesSummary — 行为（v3.0.0 需求2a） (1.968875ms)
▶ buildImportIssuesSummary — 源码护栏
  ✔ 返回 { text, hasFailed } 结构 (0.165583ms)
  ✔ 跳过 = status===disabled；失败 = 非 ok 非 disabled（与明细框口径一致） (0.067458ms)
  ✔ 🔴 摘要标签用半角冒号（`跳过 ${...} 个: `/`失败 ${...} 个: `，非全角「：」） (0.107458ms)
✔ buildImportIssuesSummary — 源码护栏 (0.450083ms)
▶ updateBankStatementUi — issues 追加护栏（v3.0.0 需求2a）
  ✔ 主文案后以 \n 追加 issues.text (0.1095ms)
  ✔ issues.hasFailed → tone 升 error (0.13425ms)
  ✔ 明细确认框已删（不再 createAlertDialog(buildBatchImportSummaryHtml(...))） (0.06425ms)
  ✔ 退款/C3 副作用迁移到 handleBankStatementBatchImport 成功路径（仍保留触发） (0.042292ms)
✔ updateBankStatementUi — issues 追加护栏（v3.0.0 需求2a） (0.442875ms)
▶ buildLinkedImportSummary — 行为（v3.0.7 需求2d）
  ✔ 无 linked 成功（空 / 非数组 / 仅 processed / 仅失败）→ 空串 (0.08975ms)
  ✔ 单个 linked 成功 → 「已存入链接表 1 个:\n文件 → 表库名（N 行）」（半角冒号 + 中文表库名） (0.037125ms)
  ✔ 多个 linked 成功 → 各文件一行、\n 拼接；覆盖 bank-deposit/mid-allocation/fx-settlement 标签 (0.030208ms)
  ✔ 混合（processed + linked + 失败）→ 只汇总 linked 成功项 (0.026791ms)
  ✔ 未知 tableKey 回落到 tableKey 字面；rowCount 非数字回落 0 (0.025208ms)
✔ buildLinkedImportSummary — 行为（v3.0.7 需求2d） (0.257292ms)
▶ buildLinkedImportSummary — 状态框合并护栏（v3.0.7 需求2d）
  ✔ linked 汇总只在 status===ok && outcome===linked 时计入 (0.035958ms)
  ✔ linked 汇总以 
 合并进 issues.text（追加在失败/跳过段之后） (1.690125ms)
✔ buildLinkedImportSummary — 状态框合并护栏（v3.0.7 需求2d） (1.769083ms)
▶ buildAlsoLinkedFailureSummary — 副作用落库失败可见（v3.0.7 F1）
  ✔ processed + alsoLinked.error → 提炼失败行（含文件名/错误/重导提示，半角冒号防换行） (0.089959ms)
  ✔ processed + alsoLinked 成功（无 error）→ 不报失败（空串，避免与"已存入"重复误导） (0.0255ms)
  ✔ outcome!==processed / 无 alsoLinked / 非 ok / 空入参 → 忽略（兜底空串） (0.037375ms)
  ✔ 集成护栏：handler 调用本函数并把失败折进 issues + 置 hasFailed=true（转 error tone） (0.188459ms)
✔ buildAlsoLinkedFailureSummary — 副作用落库失败可见（v3.0.7 F1） (0.385125ms)
▶ linked-only 导入后状态刷新护栏（v3.0.7 F2）
  ✔ handler 含「纯 linked 成功」分支，且分支内 refresh + 清 export (0.155042ms)
✔ linked-only 导入后状态刷新护栏（v3.0.7 F2） (0.174625ms)
▶ 资金对账链接表删除框标题
  ✔ 三种目标表共用固定标题“删除数据” (0.460667ms)
  ✔ 切表仍重新计数并按当前 tableKey 删除 (0.117666ms)
  ✔ 前置资金临时链接表删除标题保持按来源变化 (0.052625ms)
✔ 资金对账链接表删除框标题 (1.161916ms)
▶ v3.1.0 平盘对账数据处理前端契约
  ✔ 模块 ID、显示名和面板显隐接线完整 (0.818917ms)
  ✔ 功能下拉固定三项并默认选中第一项 (0.672958ms)
  ✔ 五个按钮文本和原槽位结构固定，页面不显示场景标签 (0.166541ms)
  ✔ 仅开始运行使用蓝色主按钮，其余四个入口使用白色次按钮 (0.060375ms)
  ✔ 开始运行和结果确认保持对账单修复的 140px 按钮宽度 (0.981041ms)
  ✔ 状态框初始文案和无图标内容层完整 (0.339ms)
  ✔ 成功初始化同步真实按钮但保持欢迎，自动重进不覆盖用户动作摘要 (1.823375ms)
  ✔ 静默同步的失败结果和 Promise reject 都必须覆盖欢迎并进入安全按钮态 (0.585292ms)
  ✔ SQLite UTC 更新时间按本机时区转换后再显示日期 (1.029833ms)
  ✔ 主进程取消状态和兼容错误码都不当作导入失败 (0.524417ms)
  ✔ 独立控制器接通导入、管理、运行、导出、回导和确认，非一期功能继续占位 (0.294ms)
  ✔ 主页面结果确认入口仅打开结果页，结果页仍保留独立导出文件操作 (0.123958ms)
  ✔ 异常导入使用提醒弹框，结果页过滤数据导出始终显示且无数据时置灰 (0.264708ms)
  ✔ 管理按钮不得把 click 事件误当成 preview 数据 (0.23775ms)
  ✔ 对账数据管理的导入为蓝色、返回为白色，归档空提示返回管理页 (0.141542ms)
  ✔ 对账数据管理状态列只显示状态名称，不拼接条数 (0.069542ms)
  ✔ 差异数据把功能和月份移到表格上方并按最新月份单选过滤 (0.692625ms)
  ✔ 链接表管理去掉未归档和操作栏，底部导入导出返回样式及顺序固定 (0.151917ms)
  ✔ 链接原始表去掉行数和操作栏，底部蓝色导出选择目标表后调用原接口 (0.164042ms)
  ✔ 链接原始表导入失败时展示文件级错误及 detailLines (0.099125ms)
  ✔ 银行导入准备和写入失败时展示已转义的 detailLines (0.057958ms)
  ✔ preload 仅暴露平盘命名空间，不向 renderer 泄露 Electron IPC (0.640917ms)
  ✔ 百万级导入显示进度、支持取消，并在提交阶段锁定取消操作 (0.688ms)
  ✔ 主进程以主库 checkpoint 防止平盘侧库缺失或回滚后静默继续 (1.394084ms)
  ✔ 平盘写操作独占执行，并在 checkpoint 同步前校验 token 与存档持久性 (1.613084ms)
  ✔ 管理页侧库恢复失败时显示 detailLines，不只显示总标题 (0.060917ms)
  ✔ 差异导出携带汇总行范围，删除链接数据禁止空月份请求 (0.071458ms)
  ✔ 平盘账户映射复用现有三列表格交互，并以嵌套弹窗保留链接表管理底层页面 (0.177917ms)
  ✔ 共享 Payment 解析脚本先于 renderer-dialogs 加载 (0.032833ms)
✔ v3.1.0 平盘对账数据处理前端契约 (14.86375ms)
▶ 前置资金对账 UI / preload / IPC 接线
  ✔ 页面包含完整控件、收敛 MPT 入口且 3.0.14 只展示缺网关账单 (0.735208ms)
  ✔ 五槽位结构与资金对账数据处理一致，状态框保持原跨行尺寸 (0.485917ms)
  ✔ renderer 注册模块、状态刷新、按钮处理和事件解绑 (0.352875ms)
  ✔ preload 的 12 个 invoke 与 3 个进度通道和 main handler 对齐 (5.294667ms)
  ✔ run/export 精确血缘与 startup owner 顺序在 main seam 闭合 (0.740459ms)
  ✔ 临时链接表首页复用标准链接表结构，且不提供账户映射 (0.273875ms)
  ✔ 临时删除框复用标准删除框结构，并改走临时表日期范围接口 (0.41175ms)
  ✔ 临时链接表按钮把既有 MPT 导入处理传入管理弹窗 (0.088375ms)
✔ 前置资金对账 UI / preload / IPC 接线 (9.032084ms)
▶ countRefundBankCandidates（退款候选预检 = FundType 归一后 === Ach Return）
  ✔ 0 候选：空数组 / null / undefined → 0 (0.439709ms)
  ✔ N 候选：精确计数 FundType=Ach Return 行 (0.064042ms)
  ✔ FundType 归一化：首尾空格被 trim 后仍计数（normalizeCellValue） (0.046208ms)
  ✔ 大小写敏感：Ach Return 大小写不符不计（与引擎严格等值口径一致） (0.041417ms)
  ✔ 非 Ach Return / 缺字段 / null 值 → 不计 (0.05ms)
  ✔ 混合：候选与噪音并存 → 只数 Ach Return (0.048375ms)
✔ countRefundBankCandidates（退款候选预检 = FundType 归一后 === Ach Return） (1.252458ms)
▶ 退款导入后提醒：createAlertDialog 单按钮 → createConfirmDialog（v3.0.0 需求3）
  ✔ ① 改用 createConfirmDialog（导入文件 / 稍后再说），不再用 createAlertDialog 单按钮 (0.103417ms)
  ✔ ① 候选预检门控：本批无退款候选则不弹（refundCandidateCount > 0 才弹） (0.095166ms)
  ✔ ① 「导入文件」onConfirm → closeModal() + handleBankStatementBatchImport()（不续跑） (0.078ms)
✔ 退款导入后提醒：createAlertDialog 单按钮 → createConfirmDialog（v3.0.0 需求3） (0.372333ms)
▶ 退款运行点判据 shouldPromptRefundAtRun（v3.0.0 需求3：仿 shouldPromptGatewayReconAtRun）
  ✔ ② shouldPromptRefundAtRun 函数存在 (0.150167ms)
  ✔ ② 判据三要素：退款 enabled + !isRefundOrderReady() + 候选>0 (0.12875ms)
✔ 退款运行点判据 shouldPromptRefundAtRun（v3.0.0 需求3：仿 shouldPromptGatewayReconAtRun） (0.320167ms)
▶ proceedToGwCheck 抽出（v3.0.0 需求3：承载原 C3 dialog#2 逻辑）
  ✔ ⑤ proceedToGwCheck 函数存在 (0.080958ms)
  ✔ ⑤ proceedToGwCheck 内承载 C3 运行点逻辑（shouldPromptGatewayReconAtRun + 无提醒则 runBankStatementInternal） (0.043917ms)
✔ proceedToGwCheck 抽出（v3.0.0 需求3：承载原 C3 dialog#2 逻辑） (0.152541ms)
▶ 🔴🔴 运行点链式编排：退款先于 C3、互不吞（v3.0.0 需求3 资金红线核心）
  ✔ ③ handleBankStatementRun 中 shouldPromptRefundAtRun 早于 proceedToGwCheck（退款先于 C3） (0.056667ms)
  ✔ ④ 🔴 退款三选一框 onMiddle（直接运行）调 proceedToGwCheck —— 而非 runBankStatementInternal (0.030167ms)
  ✔ ④ 退款三选一框 onConfirm（导入文件）调 handleBankStatementBatchImport（不续跑） (0.026958ms)
  ✔ ③ 无退款提醒分支：handleBankStatementRun 末尾直接 await proceedToGwCheck() (0.026208ms)
✔ 🔴🔴 运行点链式编排：退款先于 C3、互不吞（v3.0.0 需求3 资金红线核心） (0.178666ms)
▶ preload + main 链路（v3.0.0 需求3：refund-candidate-count + hasRefundOrder）
  ✔ ⑦ preload 暴露 refundCandidateCount → invoke("bank-statement:refund-candidate-count") (0.073333ms)
  ✔ ⑦ main.js 注册 refund-candidate-count handler 且调 countRefundBankCandidates (0.102667ms)
  ✔ ⑦ main.js session-status 透出 hasRefundOrder: refundOrderSession !== null (0.143792ms)
  ✔ ⑦ main.js require r5 引擎的 countRefundBankCandidates (0.06775ms)
  ✔ ⑦ renderer state 接收 hasRefundOrder → state.refundOrderSession (0.079209ms)
✔ preload + main 链路（v3.0.0 需求3：refund-candidate-count + hasRefundOrder） (0.504667ms)
▶ isRefundOrderReady — 行为（PR-4 bug 修订：实时查 session-status hasRefundOrder）
  ✔ status=ok 且 hasRefundOrder=true → true（main 端退款已就绪） (0.580917ms)
  ✔ status=ok 但 hasRefundOrder=false → false（本批未导退款表 = 未就绪 = 仍提醒） (0.090083ms)
  ✔ hasRefundOrder 缺失 / null / undefined / 0 / "" → 一律 false（falsy 即未就绪） (0.15325ms)
  ✔ status=failed（即便 hasRefundOrder=true）→ false（非 ok 一律未就绪） (0.063208ms)
  ✔ 返回 null / undefined / 空对象 → false（短路保护） (0.2245ms)
  ✔ IPC reject（throw）→ catch 返回 false（保守防漏回填，按未就绪仍提醒） (0.202833ms)
✔ isRefundOrderReady — 行为（PR-4 bug 修订：实时查 session-status hasRefundOrder） (1.960875ms)
▶ isRefundOrderReady — 源码护栏（实时查 / catch 兜底 / 运行点门控改用）
  ✔ ① isRefundOrderReady 存在且实时查 session-status (0.185416ms)
  ✔ ② 判据：status===ok && hasRefundOrder (0.098792ms)
  ✔ ③ 异常按未就绪：catch 内 return false (0.090541ms)
  ✔ ④ 🔴 运行点门控改用 isRefundOrderReady()：shouldPromptRefundAtRun 不再读 state.refundOrderSession (0.560375ms)
  ✔ ⑤ maybePromptRefundOrderImport（导入后提醒）判据基于本批 results，不依赖 state.refundOrderSession (0.103166ms)
✔ isRefundOrderReady — 源码护栏（实时查 / catch 兜底 / 运行点门控改用） (1.173291ms)
▶ 模块初始化状态框保持欢迎文案
  ✔ 对账单修复自动同步固定静默成功文案，用户动作仍使用默认更新 (2.084459ms)
  ✔ 对账单修复静默成功会同步 session 和按钮，但不直接写状态框 (0.33275ms)
  ✔ 对账单修复失败结果和 Promise reject 均越过静默模式显示错误并禁用旧结果 (0.568ms)
  ✔ 场景读取失败也有独立错误投影，不会被静默 session 同步吞掉 (0.269125ms)
✔ 模块初始化状态框保持欢迎文案 (3.810208ms)
▶ updateBankStatementUi — N6 状态框换行修复 (v2.1.9 T31)
  ✔ 外层文案 `已导出：` 后不再有 \n（删冗余） (0.090125ms)
  ✔ 外层文案 `已导入：` 后不再有 \n（删冗余） (0.037125ms)
  ✔ 外层文案仍含「已导出：」「已导入：」字符串（仅删 \n，不删字面） (0.056833ms)
  ✔ 渠道-地区前缀使用半角冒号（channelRegionPrefix 用 `:` 不用全角「：」） (0.039ms)
  ✔ error-report 显示行已移除（v3.0.11 需求2）；`\n不平账结果表：` 行间换行保留 (0.039167ms)
  ✔ updateStatusBox 内层 `String(message).replace(/：/g, "：\n")` 设计保留（v2.1.7 R3 不动） (0.051292ms)
✔ updateBankStatementUi — N6 状态框换行修复 (v2.1.9 T31) (0.437708ms)
▶ updateBankStatementUi 已处理分支 — channelRegionHits 渲染（v3.0.7 需求1a）
  ✔ refreshBankStatementStatus 解析 channelRegionHits（向后兼容空数组兜底） (0.045709ms)
  ✔ 已处理分支按 channelRegionHits 非空走新格式 `渠道-地区:n条（场景名）` (0.050166ms)
  ✔ channelRegionHits 为空 → 回退现有 hitScenarios 旧格式（不删旧分支） (0.031917ms)
✔ updateBankStatementUi 已处理分支 — channelRegionHits 渲染（v3.0.7 需求1a） (0.169959ms)
▶ updateBankStatementUi 已处理分支 — 移除警告 + tone 固定（v3.0.7 需求1c）
  ✔ 源码不再出现 `，${pr.warningCount} 警告` 尾巴 (0.036333ms)
  ✔ 已处理分支 tone 不再因 warningCount 转 error (0.026958ms)
✔ updateBankStatementUi 已处理分支 — 移除警告 + tone 固定（v3.0.7 需求1c） (0.0935ms)
▶ updateBankStatementUi 已导出分支 — 附带产物追加（v3.0.7 需求1b）
  ✔ handleBankStatementExport 捕获 platformCleanupName / refundBackfillName 进 state.bankStatementExport (0.040916ms)
  ✔ 已导出分支按存在性追加两行（行间 \n + 全角「：」与 error-report 同款） (0.031084ms)
✔ updateBankStatementUi 已导出分支 — 附带产物追加（v3.0.7 需求1b） (0.093791ms)
▶ 需求2a — 网关按钮清理护栏（v3.0.7 C2）
  ✔ DOM 缓存删除：bankStatementGatewayReconImportBtn / ExportBtn 不再 getElementById (0.052ms)
  ✔ 事件绑定删除：两网关按钮 addEventListener 不再存在 (0.032583ms)
  ✔ updateBankStatementExportButtonsDisabled 网关分支删除（不再设 GatewayReconExportBtn.disabled） (0.035875ms)
  ✔ handleBankStatementGatewayReconImport 函数删除（宿主按钮已删） (0.033584ms)
  ✔ 🔴 保留项：handleReconIdFixExport / handleBankStatementGatewayReconRun 仍定义 (0.033209ms)
✔ 需求2a — 网关按钮清理护栏（v3.0.7 C2） (0.235458ms)
▶ v3.1.6 VCC财务OP校验前端契约
  ✔ 模块注册、脚本加载顺序和主面板四个动作完整 (1.153125ms)
  ✔ 导入账期沿用业务OP日期弹窗的年月双下拉结构并对调确定取消按钮 (0.880583ms)
  ✔ 运行账期移除可见标签并将下拉框缩至整行四分之一且与标题左对齐 (0.279833ms)
  ✔ 导入完成不弹导入记录框并将结果摘要写入主页面状态框 (2.170625ms)
  ✔ 导入进度纯函数区分 reading/committing 并保持取消提示优先 (11.604083ms)
  ✔ preload 和主进程覆盖导入、取消、计算、归档、管理删除及三类导出通道 (7.854625ms)
  ✔ 数据管理标题和左侧导航沿用平盘对账数据管理契约 (1.27525ms)
  ✔ 数据管理左侧解归档、右侧删除导出返回，删除页使用动态统一目标与 token (1.799583ms)
  ✔ 删除 target 切换只读本次响应缓存并满足 50ms 结构预算 (1.175417ms)
  ✔ 解归档复用年月选择器、强制降级警示，并只在 pre-critical 开放取消 (1.113459ms)
  ✔ 四类结果写操作呈现审计保全阶段并按 worker cancellable 控制取消 (0.167292ms)
  ✔ 解归档提交成功后刷新失败只告警关闭，不重新开放破坏性操作 (0.371334ms)
  ✔ 归档月份 picker 可执行状态覆盖默认最新、空列表、保存取消与失败刷新后重试 (1.123833ms)
  ✔ 数据管理导出按账期和分组目标表预检，支持校验原表与校验表 (0.485958ms)
  ✔ 有效原表删除后列表保留删除状态且不再打开逐行详情或显示存档小字 (0.384ms)
  ✔ 校验原表直接进入按单一月份筛选的七列导入记录并按异常显示导出 (0.291125ms)
  ✔ 数据管理不再暴露 VCC 优化存储入口 (0.21275ms)
  ✔ 异常审计仅保留六列导出入口，不再提供人工处置 (0.361542ms)
  ✔ 结果确认读取完整后端 review、按生效差异展示并在页内带 revision 归档 (0.672875ms)
  ✔ 完整结果渲染严格校验九币种与四类 summary，调整紧跟基础行且不在前端计算金额 (2.284833ms)
  ✔ 结果导出复用归档月份选择器且 renderer 只提交 targetMonth (0.542709ms)
  ✔ 已归档月份空态同步导出按钮 disabled 与 title，恢复月份时清除 title (0.228792ms)
  ✔ 修改结果固定四级无默认级联，保存锁窗并在成功或 stale 后强制 refetch 清核对 (0.329083ms)
  ✔ 结果操作失败策略区分临时失败、无候选、并发归档与结构性归档错误 (0.185ms)
  ✔ 开始运行先做五表预检，失败不启动 worker 并使用明确错误标题 (0.137625ms)
  ✔ 运行前检查同时存在多个问题时完整展示结构化 issues (0.099625ms)
  ✔ 缺少上月归档时提供九币种一次性期初初始化且不默认补零 (0.241042ms)
  ✔ 宽表和低分辨率弹框具备稳定尺寸及滚动约束 (0.243708ms)
✔ v3.1.6 VCC财务OP校验前端契约 (38.631792ms)
✔ 配置服务拥有模板与币种深副本；读取方和上游调用方均不能修改服务缓存 (1.25925ms)
✔ 模板读取 A/B/A 逆序交付只接受最后一代并仅通知一次 (0.143ms)
✔ 失败或非法模板返回保留最近成功缓存且不广播成功通知 (0.372125ms)
✔ bootstrap/account mapping/preview 通知准确；取消订阅和 dispose 后旧读不回写 (0.16575ms)
✔ dispose 中的模板读取仍向原调用方结算，不能回填缓存或通知 (0.090042ms)
✔ 某订阅者异常不阻断其他消费者和模板成功返回 (0.097875ms)
✔ 经典脚本加载只暴露工厂，不执行 DOM 或 IPC (1.503833ms)
✔ 普通关闭使 DOM、abort、逆序清理、closed 只完成一次，清理失败仍继续 (1.67975ms)
✔ 忙碌子层拒绝根替换、父关闭和导航，后继工厂不运行且草稿焦点保留 (0.32975ms)
✔ canClose 从顶到底预检，任一抛错拒绝并记录 (0.662792ms)
✔ canClose 异步返回不能绕过忙碌检查，拒绝的 Promise 有错误记录 (0.303459ms)
✔ 工厂失败只释放新 scope，原栈、焦点、监听及 Promise 全部保留 (0.298542ms)
✔ 拒绝已挂载节点和已经关闭的节点再次挂载，仍保留当前栈 (0.19725ms)
✔ push 只允许本宿主当前父层且强制继承 owner (0.313209ms)
✔ 映射保存成功替换映射及其后代，告警关闭返回原链接表且无孤儿 (0.266292ms)
✔ 父层提交关闭时子层取消 parent-closed，按顶到底清理，观察者见到完整切换 (0.19125ms)
✔ canClose 和 disposer 重入被拒绝，不插入幽灵窗口且清理继续 (0.174541ms)
✔ 只有栈顶处理 Escape 和遮罩，默认禁止 dismiss 策略保持 (0.228ms)
✔ 焦点优先显式控件，Tab 双向环绕且底层还原原 aria/inert 值 (0.136583ms)
✔ 焦点跳过隐藏/禁用控件，恢复目标不可用时回父层默认控件 (0.082916ms)
✔ 没有可聚焦控件使用临时 tabindex 并清理；过期 frame 不会抢新层焦点 (0.096917ms)
✔ 根替换和最终关闭恢复原调用入口；入口消失时使用当前面板默认焦点 (0.125833ms)
✔ onMount 在事务完成后执行，可打开子层；失败记录且不复活旧栈 (0.141833ms)
✔ scope 晚登记清理立即释放，关闭后的异步加载可用 signal 阻止 DOM 写入 (0.097459ms)
✔ owner 导航只关闭匹配会话；销毁无视 busy 且结果统一 disposed (0.100041ms)
✔ 只读 getHandle/getTop 不暴露可变栈，关闭后不能查回旧句柄 (0.080958ms)
✔ 栈顶 overlay 的浮动兄弟面板控件参与 Tab，不被 dialog 范围漏掉 (0.421167ms)
✔ 静态注册复制冻结；未知模块沿默认模块回退，面板与持久化只在成功切换后变更 (1.448708ms)
✔ leave blocked 保留路由、面板、持久化和上一 enter 的有效代次 (0.24325ms)
✔ 同模块重复导航不重复 enter、订阅、持久化或递增代次 (0.097333ms)
✔ A → B → A 的旧 enter 后到为 stale，旧完成不回切页面 (0.119708ms)
✔ 异步 leave 违反同步资格合同，等待中其他导航也不能偷偷提交旧请求 (0.143208ms)
✔ leave 抛错保留原模块，enter 失败由本域反馈/日志处理，壳不读取别域状态修复 (0.2025ms)
✔ 同步 leave 重入被拒绝；enter 发起新导航后旧 ready 不能覆盖新 ready (0.094834ms)
✔ 持久化 reject/明确失败只日志，不回滚或重复切换 (0.130166ms)
✔ dispose 全部控制器恰好一次，单个抛错不截断清理，晚到 enter 为 stale (0.229125ms)
✔ 注册表拒绝重复/不完整/缺默认模块，同一个门面跨条目只 dispose 一次 (0.324833ms)
✔ leave 或视图提交回调销毁 router 时，不再 enter/保存下一模块 (0.614291ms)
✔ window.onMaximizedState 透传原事件，释放只删除当前订阅且重复释放安全 (2.884875ms)
✔ pending.onImportProgress 透传原事件，释放只删除当前订阅且重复释放安全 (0.743166ms)
✔ 预览延迟选中只操作本次句柄，替换窗口会取消旧 timer (2.799042ms)
✔ 预览句柄仍是栈顶时执行控件设置 (0.61425ms)
✔ 根打开被 busy 拒绝时，不创建工厂也不调度修改现有窗口 (0.470208ms)
✔ 延迟打开之前出现生产窗口时，预览不能随后替换生产栈 (0.414625ms)
✔ 新预览代次和生产模块切换都废弃旧面板延迟动作 (0.328958ms)
✔ 同步生产按钮建立的父层可以继续预览；下一级晚到不得编辑后来新层 (0.622541ms)
✔ dispose 清理待决预览 timer，账户映射入口返回真实宿主打开结果 (0.357208ms)
✔ 收单月份选择取消、busy leave 拒绝和订阅幂等释放 (3.07525ms)
✔ 收单覆盖只沿原 preparedContextId 二次提交，离页后的预检不确认或续写 (1.045416ms)
✔ 收单新 enter 不接受旧读取，进度格式保留文件名和各阶段 (0.215833ms)
✔ 旧 BizOP 取消首日续导后保存原 BU/日期/行数，不发流水导入 (0.674209ms)
✔ 旧 BizOP 流水多文件保持数组和整批拒绝报告 (0.395958ms)
✔ 旧 BizOP 区间导出原参数/文件名和晚到反馈；重新进入保留完成状态 (0.985625ms)
✔ 旧 BizOP BU 切换独立代次拒绝旧日期回复 (0.215375ms)
✔ Pending 私有状态、读取代次、重复绑定与 unsubscribe 一次 (0.521917ms)
✔ preFund 工厂无 IPC、私有状态，重复 enter 不重复绑定，dispose 取消静态监听 (2.297208ms)
✔ preFund A/B/A 的旧读取不能覆盖新访问；每次进入重读 Main (0.288625ms)
✔ preFund 同一访问内较旧 refresh 迟到不覆盖最近结果 (0.141208ms)
✔ preFund 状态读取失败在本域反馈，enter 返回 error (0.225875ms)
✔ preFund leave 服从现有 modal canClose，blocked 时保留当前作用域 (0.838209ms)
✔ bankBu 工厂无 IPC、私有状态，重复 enter 不重复绑定，dispose 取消静态监听 (0.320333ms)
✔ bankBu A/B/A 的旧读取不能覆盖新访问；每次进入重读 Main (0.099833ms)
✔ bankBu 同一访问内较旧 refresh 迟到不覆盖最近结果 (0.095125ms)
✔ bankBu 状态读取失败在本域反馈，enter 返回 error (0.141916ms)
✔ bankBu leave 服从现有 modal canClose，blocked 时保留当前作用域 (0.150208ms)
✔ duplicateInbound 工厂无 IPC、私有状态，重复 enter 不重复绑定，dispose 取消静态监听 (0.349666ms)
✔ duplicateInbound A/B/A 的旧读取不能覆盖新访问；每次进入重读 Main (0.079959ms)
✔ duplicateInbound 同一访问内较旧 refresh 迟到不覆盖最近结果 (0.068167ms)
✔ duplicateInbound 状态读取失败在本域反馈，enter 返回 error (0.541416ms)
✔ duplicateInbound leave 服从现有 modal canClose，blocked 时保留当前作用域 (0.146292ms)
✔ vccOpCalc 工厂无 IPC、私有状态，重复 enter 不重复绑定，dispose 取消静态监听 (0.444209ms)
✔ vccOpCalc A/B/A 的旧读取不能覆盖新访问；每次进入重读 Main (0.083291ms)
✔ vccOpCalc 同一访问内较旧 refresh 迟到不覆盖最近结果 (0.062417ms)
✔ vccOpCalc 状态读取失败在本域反馈，enter 返回 error (0.084625ms)
✔ vccOpCalc leave 服从现有 modal canClose，blocked 时保留当前作用域 (0.091666ms)
✔ 前置资金导出保留文件名和提醒，完成刷新不覆盖导出反馈 (0.20075ms)
✔ 前置资金临时账单导入保留部分失败对象和文案，场景参数原样送 Main (0.407792ms)
✔ 前置资金无 modal 后台导入允许离开，释放进度并丢弃晚到错误 UI (0.112375ms)
✔ 重复入金导出保留警告与失败细节，按 Main 状态更新按钮 (0.215916ms)
✔ 重复入金后台任务离开后不续读、不写 UI；重新进入从 Main 刷新 (0.100084ms)
✔ BankBU 两步选文件和导入保持原参数；完成摘要/异常组文案不变 (0.821ms)
✔ BankBU 导出 single/aggregate 保持 runId、文件名及跳过月份提示 (0.9195ms)
✔ BankBU 离开后旧文件选择不打开第二步骤或启动导入 (0.18325ms)
✔ VCC OP scan→F1→统计→F2 保存保持金额原样、结果文案和余额读取 (6.566083ms)
✔ VCC OP 整批拒绝仍报告真实异常总数和前20条，不统计或保存 (0.249292ms)
✔ VCC OP scan 等待中离开立即退订，晚到不显示 F1；dispose 的忙碌视图也收尾 (0.155583ms)
✔ preFund 返回早于后台完成时通过新的 Main 读取恢复按钮，旧结果不进入新页面 (0.1065ms)
✔ duplicateInbound 返回早于后台完成时通过新的 Main 读取恢复按钮，旧结果不进入新页面 (0.052875ms)
✔ AC19 真实 SQLite gateway-recon-id-fix → 同 ID extract-recon-id，旧 list/get 晚到后 update (8.9495ms)
✔ AC19 真实 SQLite gateway-recon-id-fix → 同 ID extract-recon-id，旧 list/get 晚到后 toggle (3.117708ms)
✔ AC19 真实 SQLite gateway-recon-id-fix → 同 ID extract-recon-id，旧 list/get 晚到后 delete (3.099041ms)
✔ AC19 真实 SQLite extract-recon-id → 同 ID gateway-recon-id-fix，旧 list/get 晚到后 update (2.939375ms)
✔ AC19 真实 SQLite extract-recon-id → 同 ID gateway-recon-id-fix，旧 list/get 晚到后 toggle (2.762584ms)
✔ AC19 真实 SQLite extract-recon-id → 同 ID gateway-recon-id-fix，旧 list/get 晚到后 delete (2.342041ms)
✔ 完整矩阵：extract-recon-id 单类 transfer 仍双清 (2.735084ms)
✔ 完整矩阵：extract-recon-id 单类 batchDelete 仍双清 (2.45275ms)
✔ 完整矩阵：gateway-recon-id-fix 单类 transfer 仍双清 (2.69825ms)
✔ 完整矩阵：gateway-recon-id-fix 单类 batchDelete 仍双清 (3.567167ms)
✔ 默认不可信 service 的 resync 只清 Main 真正失效域，未命中域保留导出反馈 (2.314166ms)
✔ AC20 补 get 跨另一写，get 原响应仍返回，单次 update 按 resync 拉齐真实 Main (2.719208ms)
✔ AC20 A/B 写响应逆序：两次真实写分别只调用一次，旧证据不恢复 (2.594ms)
✔ AC20 未知 invoke 结算后成功 list/get/enter/服务重建均不能恢复分类信任 (2.885083ms)
✔ 渠道 create/update/delete 及无变更关闭不触碰两域结果、按钮、导出反馈 (2.13475ms)
✔ deleted:false、明确写失败不广播成功失效，保留两域反馈 (1.894084ms)
✔ 控制器 leave blocked 不变更代次；允许离页后旧状态响应不能覆盖 A/B/A 的新结果 (1.664875ms)
✔ 共享 run 失败通知仍重读 Main，银行普通结果与导出反馈保持 (1.677667ms)
✔ 导出请求在途收到确定失效，晚到成功不能恢复旧反馈 (2.066209ms)
✔ 离页后的在途导入不写 UI、不弹告警，dispose 重复调用只清一次订阅 (1.894208ms)
✔ AC20 补读期间 delete/create，旧合法类别 get 晚到不得成为确定 scope (2.25175ms)
✔ AC20 补读期间 applyImport，旧合法类别 get 晚到不得成为确定 scope (2.263708ms)
✔ applyImport importedCount=0 真实 Main handler 仍双清；后续单项重取类别 (2.371666ms)
✔ 适用渠道保存成功后 priority 更新失败，保留前一步银行失效且 Recon 保持 (2.504958ms)
✔ 银行运行提醒保持退款 → C3 → 实际运行顺序，点击直接运行不吞 C3 (2.553666ms)
✔ 银行批量导入保留纯失败摘要和原导出；linked 成功撤销旧结果 (2.178459ms)
✔ 银行后台写跨离页/重进后完成，从 Main 重读且进度只退订一次 (1.88675ms)
✔ service dispose 后旧 list/get 交付不影响重建 service；查询成功也仅 resync (2.681917ms)
✔ create 回包期间插入渠道写不能播种；后续 toggle 补读得到实际类别 (2.126167ms)
✔ batchDelete 使未删除 ID 的元数据也失效；下一单项只补读一次 (2.48725ms)
✔ 初次 enter 保留欢迎文案；重复 enter 不重复绑定事件，状态读取失败禁用导出并报错 (2.054958ms)
✔ 单项命令使用已证明的实际类别：extract-recon-id (2.490083ms)
✔ 单项命令使用已证明的实际类别：offset-bill-mark (0.162ms)
✔ 单项命令使用已证明的实际类别：gateway-recon-join (0.136792ms)
✔ 单项命令使用已证明的实际类别：builtin-fixed (0.12725ms)
✔ 单项命令使用已证明的实际类别：recon-id-fix (0.111083ms)
✔ 单项命令使用已证明的实际类别：gateway-recon-id-fix (0.08925ms)
✔ 单项命令使用已证明的实际类别：future-category (0.119084ms)
✔ create 取 dispatch 时提交的类别，不受后续草稿修改影响 (0.160459ms)
✔ ID 复用 recon-id-fix → extract-recon-id 后旧 list/get 不污染 update (0.301458ms)
✔ ID 复用 recon-id-fix → extract-recon-id 后旧 list/get 不污染 toggleEnabled (0.147167ms)
✔ ID 复用 recon-id-fix → extract-recon-id 后旧 list/get 不污染 deleteOne (0.093375ms)
✔ ID 复用 extract-recon-id → recon-id-fix 后旧 list/get 不污染 update (0.067791ms)
✔ ID 复用 extract-recon-id → recon-id-fix 后旧 list/get 不污染 toggleEnabled (0.084333ms)
✔ ID 复用 extract-recon-id → recon-id-fix 后旧 list/get 不污染 deleteOne (0.065708ms)
✔ 补读跨 delete-create 即使合法晚到也 resync，原写只发一次 (0.110333ms)
✔ 补读跨 applyImport 即使合法晚到也 resync，原写只发一次 (0.079417ms)
✔ A/B 交错写顺序返回均不猜类别，失败 B 也不恢复 A 证据 (0.098958ms)
✔ A/B 交错写逆序返回均不猜类别，失败 B 也不恢复 A 证据 (0.04825ms)
✔ 写入期间发出的 get 在结算后返回也不能播种 (0.091583ms)
✔ batchDelete 清整份分类缓存，固定结果 scope 不依赖缓存 (0.097959ms)
✔ applyImport 清整份分类缓存，固定结果 scope 不依赖缓存 (0.051167ms)
✔ transfer 清整份分类缓存，固定结果 scope 不依赖缓存 (0.045417ms)
✔ setApplicableChannels 清整份分类缓存，固定结果 scope 不依赖缓存 (0.067ms)
✔ channels.create 清整份分类缓存，固定结果 scope 不依赖缓存 (0.53025ms)
✔ channels.update 清整份分类缓存，固定结果 scope 不依赖缓存 (0.04875ms)
✔ channels.deleteOne 清整份分类缓存，固定结果 scope 不依赖缓存 (0.04525ms)
✔ 渠道写在单项写期间交错，使该写证据失效，但渠道事件不清结果 (0.05825ms)
✔ create 回包跨写不播种，之后仍须 get 取证 (0.05ms)
✔ 明确 failed 不广播且不回滚写前分类缓存 (0.055209ms)
✔ 明确 cancelled 不广播且不回滚写前分类缓存 (0.024542ms)
✔ reject 后成功查询、页面刷新与重建 service 均不能恢复信任 (0.26175ms)
✔ malformed 后成功查询、页面刷新与重建 service 均不能恢复信任 (0.038625ms)
✔ unknown-status 后成功查询、页面刷新与重建 service 均不能恢复信任 (0.032458ms)
✔ 新服务默认不可信，成功 list/get 不是 Main 启动收口证明 (0.057791ms)
✔ dispose 后旧 list/get 及旧写不能通知或恢复新 service，且不重发写 (0.112ms)
✔ 非法字段/部分 list 不进入缓存，明确不存在不伪造普通类别 (0.05175ms)
✔ 只读预检/导出与无变更关闭不清结果；事件深冻结且通道 ID 去重 (0.146ms)
✔ 连续适用渠道成功后 priority 失败，第一项通知和原参数保留 (0.057334ms)
✔ 通知者异常不改写业务成功响应，不阻止下一条事件 (0.072833ms)
✔ router 按 scope/事件 kind 通知，频道配置与仅关闭保持结果；重复和退订生效 (0.1825ms)
✔ 共享会话五个命名 API 原参原结果，mutation 结算唯一通知，不复制结果 (0.276291ms)
✔ 经典脚本只声明明确命名空间，加载阶段不触发 IPC (0.926458ms)
✔ create 不合法提交类别却成功的矛盾响应进入 sticky resync (0.056583ms)
✔ 共享写通知来源取 dispatch 快照，不取回包时已改的 UI payload (0.056917ms)
✔ RR02 bank 可见确定失效后状态failed，重入ready撤回读取错误且不恢复旧导出 (9.119792ms)
✔ RR02 bank 可见确定失效后状态reject，重入ready撤回读取错误且不恢复旧导出 (2.975667ms)
✔ RR02 bank 静默读取恢复保留原welcome反馈，不以状态摘要覆盖 (2.249917ms)
✔ RR02 bank 静默读取恢复保留原export反馈，不以状态摘要覆盖 (2.310542ms)
✔ RR02 bank 连续读取失败不丢此前成功，最新成功只撤回当前读取错误 (2.523333ms)
✔ RR02 bank 读取错误后较新导出结算取代旧标记，恢复不回放旧成功 (2.279167ms)
✔ RR02 bank 其他读取错误替代session错误后，该session成功不误清其他错误 (1.856542ms)
✔ RR02 bank R9重同步未命中实际结果域，读取恢复仍保留有效导出 (2.844833ms)
✔ RR02 bank 快进出后旧ok晚于有效成功，不恢复错误或覆盖当前反馈 (2.66075ms)
✔ RR02 bank 快进出后旧failed晚于有效成功，不恢复错误或覆盖当前反馈 (1.992667ms)
✔ RR02 bank 快进出后旧reject晚于有效成功，不恢复错误或覆盖当前反馈 (1.765417ms)
✔ RR02 bank 并行刷新较新失败不会被较旧成功撤回，之后有效成功恢复 (1.67725ms)
✔ RR02 recon 可见确定失效后状态failed，重入ready撤回读取错误且不恢复旧导出 (2.213416ms)
✔ RR02 recon 可见确定失效后状态reject，重入ready撤回读取错误且不恢复旧导出 (2.015ms)
✔ RR02 recon 静默读取恢复保留原welcome反馈，不以状态摘要覆盖 (1.723959ms)
✔ RR02 recon 静默读取恢复保留原export反馈，不以状态摘要覆盖 (3.318708ms)
✔ RR02 recon 连续读取失败不丢此前成功，最新成功只撤回当前读取错误 (1.569459ms)
✔ RR02 recon 读取错误后较新导出结算取代旧标记，恢复不回放旧成功 (1.457ms)
✔ RR02 recon 其他读取错误替代session错误后，该session成功不误清其他错误 (1.502ms)
✔ RR02 recon R9重同步未命中实际结果域，读取恢复仍保留有效导出 (1.68975ms)
✔ RR02 recon 快进出后旧ok晚于有效成功，不恢复错误或覆盖当前反馈 (2.051916ms)
✔ RR02 recon 快进出后旧failed晚于有效成功，不恢复错误或覆盖当前反馈 (2.377209ms)
✔ RR02 recon 快进出后旧reject晚于有效成功，不恢复错误或覆盖当前反馈 (2.059417ms)
✔ RR02 recon 并行刷新较新失败不会被较旧成功撤回，之后有效成功恢复 (1.876834ms)
✔ RR02 bank 读取错误被较新导入进度替代，静默恢复不覆盖进度 (1.849958ms)
✔ RR02 recon 场景刷新主动更新业务反馈后，session恢复不回放旧错误前反馈 (1.581792ms)
✔ R03 import ok 收尾重算场景可选资格，不残留busy禁用 (1.85975ms)
✔ R03 import failed 收尾重算场景可选资格，不残留busy禁用 (2.124125ms)
✔ R03 import cancelled 收尾重算场景可选资格，不残留busy禁用 (1.754333ms)
✔ R03 import reject 收尾重算场景可选资格，不残留busy禁用 (1.657625ms)
✔ R03 run ok 收尾重算场景可选资格，不残留busy禁用 (1.661542ms)
✔ R03 run failed 收尾重算场景可选资格，不残留busy禁用 (1.646625ms)
✔ R03 run cancelled 收尾重算场景可选资格，不残留busy禁用 (2.040625ms)
✔ R03 run reject 收尾重算场景可选资格，不残留busy禁用 (2.275375ms)
✔ R03 export ok 收尾重算场景可选资格，不残留busy禁用 (2.009291ms)
✔ R03 export failed 收尾重算场景可选资格，不残留busy禁用 (1.76575ms)
✔ R03 export cancelled 收尾重算场景可选资格，不残留busy禁用 (1.778708ms)
✔ R03 export reject 收尾重算场景可选资格，不残留busy禁用 (2.292334ms)
✔ R03 empty 无合法场景资格，busy收尾仍保持下拉禁用 (2.301833ms)
✔ R03 failed 无合法场景资格，busy收尾仍保持下拉禁用 (1.906875ms)
✔ R03 category 无合法场景资格，busy收尾仍保持下拉禁用 (1.6615ms)
✔ R05 隐藏bank → batchDelete → enter，反馈和按钮按Main同步，未命中域保持 (2.362542ms)
✔ R05 隐藏bank → applyImport → enter，反馈和按钮按Main同步，未命中域保持 (2.234542ms)
✔ R05 隐藏bank → bankCreate → enter，反馈和按钮按Main同步，未命中域保持 (1.885959ms)
✔ R05 隐藏bank → reconCreate → enter，反馈和按钮按Main同步，未命中域保持 (1.900833ms)
✔ R05 隐藏bank → bankResync → enter，反馈和按钮按Main同步，未命中域保持 (1.86875ms)
✔ R05 隐藏bank → reconResync → enter，反馈和按钮按Main同步，未命中域保持 (2.434167ms)
✔ R05 隐藏bank → closed → enter，反馈和按钮按Main同步，未命中域保持 (1.812042ms)
✔ R05 隐藏bank → failed → enter，反馈和按钮按Main同步，未命中域保持 (1.8235ms)
✔ R05 隐藏bank → channels → enter，反馈和按钮按Main同步，未命中域保持 (1.820417ms)
✔ R05 bank确定失效后首次重读失败，后续静默成功仍清已失效反馈 (1.935208ms)
✔ R05 隐藏recon → batchDelete → enter，反馈和按钮按Main同步，未命中域保持 (2.312791ms)
✔ R05 隐藏recon → applyImport → enter，反馈和按钮按Main同步，未命中域保持 (1.947125ms)
✔ R05 隐藏recon → bankCreate → enter，反馈和按钮按Main同步，未命中域保持 (1.96925ms)
✔ R05 隐藏recon → reconCreate → enter，反馈和按钮按Main同步，未命中域保持 (2.1895ms)
✔ R05 隐藏recon → bankResync → enter，反馈和按钮按Main同步，未命中域保持 (1.978834ms)
✔ R05 隐藏recon → reconResync → enter，反馈和按钮按Main同步，未命中域保持 (1.877416ms)
✔ R05 隐藏recon → closed → enter，反馈和按钮按Main同步，未命中域保持 (1.652583ms)
✔ R05 隐藏recon → failed → enter，反馈和按钮按Main同步，未命中域保持 (2.006833ms)
✔ R05 隐藏recon → channels → enter，反馈和按钮按Main同步，未命中域保持 (1.774583ms)
✔ R05 recon确定失效后首次重读失败，后续静默成功仍清已失效反馈 (1.806041ms)
✔ 全生产 JS 的原始场景/渠道 API 只在 root 各注入同一 service 一次，无直接或别名写旁路 (1.53025ms)
✔ 唯一 root service 传给场景工厂，全部八项场景写和三项渠道写在该入口下调用 (12.251208ms)
✔ 边界扫描能识别解构、多级别名、计算属性及bind，不以单文件正则代替审计 (0.282375ms)
✔ 按行拆分输入校验保留空值、整数、数值安全范围与前导零处理 (1.293209ms)
✔ 工具箱经典脚本只导出工厂，不执行 DOM 或 IPC (1.134125ms)
✔ R01：后台重扫 B 后不得恢复 A 的 F2；重新确认 B 后显示、期初、Main、SQLite 一致 (51.583583ms)
ℹ {"displayed":{"yearMonth":"2026-08","totalAmount":"900.00"},"beginOp":"100.00","storedRows":[{"year_month":"2026-08","begin_op":"100.00","total_amount":"900.00","end_op":"1000.00"}],"fileRows":[{"file_name":"B.xlsx","row_count":1,"amount_out":"0.00","amount_in":"900.00","amount":"900.00"}],"receipt":{"year_month":"2026-08","input_file_count":1,"compute_snapshot_hash":"d6256d33915565a55e9e026c835b9d14b8e684a3d0988712bbfc01421fa6ee5c"}}
✔ 返回早于 scan 结束：仍禁用旧保存，晚到成功只结算未确认状态，不打开 F1 (15.05825ms)
✔ 重扫成功后必须确认新 F1；F1 取消不能复活旧 A 保存资格 (13.265125ms)
✔ F1 通过导航关闭也收尾取消；旧确认回调不能开始统计 (11.107417ms)
✔ 文件选择取消未改变 Main 来源：旧已确认 A 仍可按原金额保存 (9.816208ms)
✔ 已打开 F2 后重扫 cancelled：旧回调不保存，返回模块不恢复旧 ready (11.502667ms)
✔ 已打开 F2 后重扫 error：旧回调不保存，返回模块不恢复旧 ready (11.456042ms)
✔ 已打开 F2 后重扫 rejected：旧回调不保存，返回模块不恢复旧 ready (11.911083ms)
✔ 同文件同金额重扫并确认也属于新来源，已关闭旧 F2 不得借新来源提交 (11.236333ms)
✔ Main 同账期同金额但不同文件来源，在 enter 核对时拒绝旧确认 (10.757ms)
✔ Main 同账期同金额但不同文件来源，在 F2 核对时拒绝旧确认 (12.996875ms)
✔ Main 同账期同金额但不同文件来源，在 save 核对时拒绝旧确认 (10.249916ms)
✔ F1 已确认的统计在离页后完成，再次进入核对正确来源 (10.091916ms)
✔ F1 已确认的统计在离页后完成，提前返回后重新核对正确来源 (10.297ms)
✔ 统计失败在离页后保留真实失败反馈；重入禁用保存并可重新导入 (11.977333ms)
✔ 保存前来源核对等待时销毁 F2，不发送尚未提交的 save (9.924792ms)
✔ 已经提交的 save 在 leave 后仍返回真实成功；不重复写或恢复旧 ready (10.62625ms)
✔ 已经提交的 save 在 dispose 后仍返回真实成功；不重复写或恢复旧 ready (10.157792ms)
✔ 后端期初校验失败允许原来源重试，不在 Renderer 做金额运算或伪造成功 (11.07525ms)
✔ F1 确认前 Main 换成同月同金额的 C，不能把 C 当作所选 A 确认 (10.335958ms)
✔ 已确认来源在 enter 核对期间再次 A/B/A，旧核对结束后当前访问恢复按钮 (9.269458ms)
✔ 后台整批拒绝保留错误行与总数，重入显示失败而非原有就绪 (11.548833ms)
✔ 保存 error 在离页后保留最终结算，不保留虚假运行中或自动重试写 (11.070667ms)
✔ 保存 cancelled 在离页后保留最终结算，不保留虚假运行中或自动重试写 (9.628709ms)
✔ 统计取消在离页后保留取消反馈；新的多文件同月导入仍保持逐文件血缘 (12.787958ms)
✔ v3.1.8 VCC 关键 preview 状态均有 renderer token、mock hook 与独立脚本 (6.267875ms)
✔ 仓库提交的 26 张 VCC preview 均为完整 PNG 且尺寸与 capture 契约一致 (3.882625ms)
✔ zoom 与最小窗口参数只在 APP_CAPTURE_PATH preview 路径改写 BrowserWindow options (0.268625ms)
✔ APP_PREVIEW_MODAL 只有在 APP_CAPTURE_PATH capture 模式下才暴露给 renderer (0.579625ms)
✔ VCC 合成 preview hook 只在 preload 确认 capture 模式时挂载 (0.411542ms)
✔ VCC capture readiness 对未知、缺失、null、throw 与 reject 全部失败关闭 (1.002125ms)
✔ result/import/run/adjustment 生命周期 Promise 不参与 readiness 等待 (0.444ms)
✔ main readiness 对缺注册、悬挂、拒绝和非法结果均在超时内失败 (83.994958ms)
✔ delete-first-month readiness 等 selector 异步刷新按钮与文案稳定后才完成 (1.958209ms)
✔ 年份切换、非尾月与执行中预览等待异步状态后读取真实 disabled 属性 (3.512708ms)
✔ render-modal-preview 对可选 zoom/窗口参数做边界校验后才写入 capture 环境 (0.154875ms)
✔ preview capture 失败必须非 0 退出，不得以旧 PNG 冒充本轮产物 (0.326166ms)
✔ preview 仅在本轮临时产物具备完整 PNG 结构时替换旧证据 (2.64325ms)
✔ 异步 readiness 失败时即使 staged PNG 合法也不替换旧证据 (1.207291ms)
✔ 危险按钮 disabled 在两套基础样式中均有不可点击视觉态 (11.040666ms)
✔ VCC 用户可见结果修订术语统一为中文结果版本 (0.263375ms)
ℹ tests 649
ℹ suites 55
ℹ pass 649
ℹ fail 0
ℹ cancelled 0
ℹ skipped 0
ℹ todo 0
ℹ duration_ms 3080.107084
