▶ 缺省/空 SST 目录不能回退到 cwd，溢出时拒绝并保留无关文件
  ✔ undefined (69.340875ms)
  ✔ null (64.285209ms)
  ✔ '' (64.121833ms)
  ✔ ' ' (62.006958ms)
✔ 缺省/空 SST 目录不能回退到 cwd，溢出时拒绝并保留无关文件 (260.521542ms)
✔ 共享 Rich Reader 缺省目录逐任务独立，关闭一个不破坏另一个或 cwd (115.423542ms)
✔ 已存在的显式 SST 目录及 VCC Reader 失败清理均不得覆盖/删除用户文件 (20.7745ms)
✔ 同一路径第二个读取任务拒绝接管，首个 SST 仍能读取和清理 (26.070083ms)
✔ 部分 spill 创建失败也关闭已打开句柄并清理本次目录 (12.572833ms)
▶ SST 解析失败和取消在溢出后清理私有目录
  ✔ parse (24.60625ms)
  ✔ cancel (42.109125ms)
✔ SST 解析失败和取消在溢出后清理私有目录 (66.982333ms)
✔ SST 目录出现无关文件时不递归删除，清理失败重复 close 仍报错 (7.736792ms)
✔ SST 目录被替换时停止清理，显式保留模式仍保留自己的缓存 (3.819083ms)
▶ 消费方有效预算、覆盖规则和 R3/R4 差异保持固定基线合同
  ✔ L1 三个生产入口保留各自列宽与 maxRows，legacy 不接 adaptive (89.799458ms)
  ✔ L2 helper 消费者保留原解析差异，T1 仍自行装配并完整加载 SST (23.366ms)
  ✔ Position 保留 undefined 默认、Number 转换、null 拒绝及本域关闭规则 (23.219041ms)
  ✔ VCC S1 保留 undefined 默认、Number 转换、null 拒绝及本域关闭规则 (8.677459ms)
  ✔ R1 BizOP import 在真实管线保留 ?? 与 undefined 的不同覆盖优先级 (680.89075ms)
  ✔ R2 BizOP RAW 单页读取和输出多页验证各自保持 32 MiB 与私有临时根 (484.020084ms)
  ✔ R3 和 R4 四处 VCC 真实导入、原件导出、待确认导出保留不同 cache 和取消桥接 (204.892208ms)
✔ 消费方有效预算、覆盖规则和 R3/R4 差异保持固定基线合同 (1524.266583ms)
✔ 旧入口的导出和错误 constructor 均指向唯一实现 (1.225875ms)
✔ 缺 entry 不分配磁盘；Memory close 清空原数组 (1.269334ms)
✔ 公共缺省预算保持 64 MiB/8192；覆盖的 Number 转换与 cache 校验保持 (0.196459ms)
✔ 跨预算才独占落盘，缓存受 entry/字节预算约束，重复 close 保持成功 (4.015042ms)
✔ 替换 spill 文件后只保留替换文件并持续报告原错误 (2.583709ms)
✔ 句柄关闭失败 strictClose=false 保留原分支 (1.8495ms)
✔ 句柄关闭失败 strictClose=true 保留原分支 (1.109583ms)
ℹ tests 29
ℹ suites 0
ℹ pass 29
ℹ fail 0
ℹ cancelled 0
ℹ skipped 0
ℹ todo 0
ℹ duration_ms 1675.828792
