✔ preFund 工厂无 IPC、私有状态，重复 enter 不重复绑定，dispose 取消静态监听 (2.15875ms)
✔ preFund A/B/A 的旧读取不能覆盖新访问；每次进入重读 Main (0.271083ms)
✔ preFund 同一访问内较旧 refresh 迟到不覆盖最近结果 (0.149042ms)
✔ preFund 状态读取失败在本域反馈，enter 返回 error (0.229208ms)
✔ preFund leave 服从现有 modal canClose，blocked 时保留当前作用域 (0.920083ms)
✔ bankBu 工厂无 IPC、私有状态，重复 enter 不重复绑定，dispose 取消静态监听 (0.36025ms)
✔ bankBu A/B/A 的旧读取不能覆盖新访问；每次进入重读 Main (0.127333ms)
✔ bankBu 同一访问内较旧 refresh 迟到不覆盖最近结果 (0.096584ms)
✔ bankBu 状态读取失败在本域反馈，enter 返回 error (0.16475ms)
✔ bankBu leave 服从现有 modal canClose，blocked 时保留当前作用域 (0.152125ms)
✔ duplicateInbound 工厂无 IPC、私有状态，重复 enter 不重复绑定，dispose 取消静态监听 (0.386958ms)
✔ duplicateInbound A/B/A 的旧读取不能覆盖新访问；每次进入重读 Main (0.085833ms)
✔ duplicateInbound 同一访问内较旧 refresh 迟到不覆盖最近结果 (0.131292ms)
✔ duplicateInbound 状态读取失败在本域反馈，enter 返回 error (0.089375ms)
✔ duplicateInbound leave 服从现有 modal canClose，blocked 时保留当前作用域 (0.544583ms)
✔ vccOpCalc 工厂无 IPC、私有状态，重复 enter 不重复绑定，dispose 取消静态监听 (0.400875ms)
✔ vccOpCalc A/B/A 的旧读取不能覆盖新访问；每次进入重读 Main (0.069333ms)
✔ vccOpCalc 同一访问内较旧 refresh 迟到不覆盖最近结果 (0.055792ms)
✔ vccOpCalc 状态读取失败在本域反馈，enter 返回 error (0.136ms)
✔ vccOpCalc leave 服从现有 modal canClose，blocked 时保留当前作用域 (0.118542ms)
✔ 前置资金导出保留文件名和提醒，完成刷新不覆盖导出反馈 (0.248917ms)
✔ 前置资金临时账单导入保留部分失败对象和文案，场景参数原样送 Main (0.441583ms)
✔ 前置资金无 modal 后台导入允许离开，释放进度并丢弃晚到错误 UI (0.132959ms)
✔ 重复入金导出保留警告与失败细节，按 Main 状态更新按钮 (0.287833ms)
✔ 重复入金后台任务离开后不续读、不写 UI；重新进入从 Main 刷新 (0.178875ms)
✔ BankBU 两步选文件和导入保持原参数；完成摘要/异常组文案不变 (0.826625ms)
✔ BankBU 导出 single/aggregate 保持 runId、文件名及跳过月份提示 (0.929125ms)
✔ BankBU 离开后旧文件选择不打开第二步骤或启动导入 (0.174667ms)
✔ VCC OP scan→F1→统计→F2 保存保持金额原样、结果文案和余额读取 (6.725916ms)
✔ VCC OP 整批拒绝仍报告真实异常总数和前20条，不统计或保存 (0.281667ms)
✔ VCC OP scan 等待中离开立即退订，晚到不显示 F1；dispose 的忙碌视图也收尾 (0.15925ms)
✔ preFund 返回早于后台完成时通过新的 Main 读取恢复按钮，旧结果不进入新页面 (0.11375ms)
✔ duplicateInbound 返回早于后台完成时通过新的 Main 读取恢复按钮，旧结果不进入新页面 (0.05375ms)
✔ R01：后台重扫 B 后不得恢复 A 的 F2；重新确认 B 后显示、期初、Main、SQLite 一致 (47.600167ms)
ℹ {"displayed":{"yearMonth":"2026-08","totalAmount":"900.00"},"beginOp":"100.00","storedRows":[{"year_month":"2026-08","begin_op":"100.00","total_amount":"900.00","end_op":"1000.00"}],"fileRows":[{"file_name":"B.xlsx","row_count":1,"amount_out":"0.00","amount_in":"900.00","amount":"900.00"}],"receipt":{"year_month":"2026-08","input_file_count":1,"compute_snapshot_hash":"d6256d33915565a55e9e026c835b9d14b8e684a3d0988712bbfc01421fa6ee5c"}}
✔ 返回早于 scan 结束：仍禁用旧保存，晚到成功只结算未确认状态，不打开 F1 (14.0865ms)
✔ 重扫成功后必须确认新 F1；F1 取消不能复活旧 A 保存资格 (12.690709ms)
✔ F1 通过导航关闭也收尾取消；旧确认回调不能开始统计 (10.707792ms)
✔ 文件选择取消未改变 Main 来源：旧已确认 A 仍可按原金额保存 (9.705833ms)
✔ 已打开 F2 后重扫 cancelled：旧回调不保存，返回模块不恢复旧 ready (10.093167ms)
✔ 已打开 F2 后重扫 error：旧回调不保存，返回模块不恢复旧 ready (9.765791ms)
✔ 已打开 F2 后重扫 rejected：旧回调不保存，返回模块不恢复旧 ready (12.3115ms)
✔ 同文件同金额重扫并确认也属于新来源，已关闭旧 F2 不得借新来源提交 (11.268208ms)
✔ Main 同账期同金额但不同文件来源，在 enter 核对时拒绝旧确认 (10.261334ms)
✔ Main 同账期同金额但不同文件来源，在 F2 核对时拒绝旧确认 (12.825083ms)
✔ Main 同账期同金额但不同文件来源，在 save 核对时拒绝旧确认 (10.215334ms)
✔ F1 已确认的统计在离页后完成，再次进入核对正确来源 (10.22125ms)
✔ F1 已确认的统计在离页后完成，提前返回后重新核对正确来源 (10.313875ms)
✔ 统计失败在离页后保留真实失败反馈；重入禁用保存并可重新导入 (12.081875ms)
✔ 保存前来源核对等待时销毁 F2，不发送尚未提交的 save (8.82825ms)
✔ 已经提交的 save 在 leave 后仍返回真实成功；不重复写或恢复旧 ready (9.478959ms)
✔ 已经提交的 save 在 dispose 后仍返回真实成功；不重复写或恢复旧 ready (9.476875ms)
✔ 后端期初校验失败允许原来源重试，不在 Renderer 做金额运算或伪造成功 (11.251417ms)
✔ F1 确认前 Main 换成同月同金额的 C，不能把 C 当作所选 A 确认 (9.811625ms)
✔ 已确认来源在 enter 核对期间再次 A/B/A，旧核对结束后当前访问恢复按钮 (9.542125ms)
✔ 后台整批拒绝保留错误行与总数，重入显示失败而非原有就绪 (9.776459ms)
✔ 保存 error 在离页后保留最终结算，不保留虚假运行中或自动重试写 (9.882917ms)
✔ 保存 cancelled 在离页后保留最终结算，不保留虚假运行中或自动重试写 (9.087208ms)
✔ 统计取消在离页后保留取消反馈；新的多文件同月导入仍保持逐文件血缘 (11.55575ms)
ℹ tests 58
ℹ suites 0
ℹ pass 58
ℹ fail 0
ℹ cancelled 0
ℹ skipped 0
ℹ todo 0
ℹ duration_ms 516.086083
